
> nexus-code@1.0.0 build
> npm run test:markup && tsc -b && vite build


> nexus-code@1.0.0 test:markup
> node --test src/testing/markupText.test.mjs

✔ extracts accessible text from trusted smoke markup (1.0596ms)
✔ ignores raw script and style contents including tolerant closing tags (0.5216ms)
ℹ tests 2
ℹ suites 0
ℹ pass 2
ℹ fail 0
ℹ cancelled 0
ℹ skipped 0
ℹ todo 0
ℹ duration_ms 156.7958
vite v8.2.2 building client environment for production...
transforming...
✓ 2583 modules transformed.
rendering chunks...
[plugin nexus-code-chunk-report] [chunk-report] 24 JS chunks; total 2.5 MB raw / 836 KB gzip; report dist/chunk-report.json
[plugin nexus-code-chunk-report] [chunk-report] #1 assets/cm-lang-cpp-U0Th0Yuo.js 435 KB raw / 141 KB gzip; 12 modules; codemirror-language
[plugin nexus-code-chunk-report] [chunk-report] #2 assets/Editor-CFifrgwA.js 412 KB raw / 108 KB gzip; 119 modules; dynamic-entry
[plugin nexus-code-chunk-report] [chunk-report] #3 assets/cm-lang-legacy-DGuP0e0O.js 371 KB raw / 130 KB gzip; 80 modules; codemirror-language
[plugin nexus-code-chunk-report] [chunk-report] #4 assets/react-ChczhFUD.js 177 KB raw / 55 KB gzip; 6 modules; vendor
[plugin nexus-code-chunk-report] [chunk-report] #5 assets/index-D6JZPmlT.js 152 KB raw / 49 KB gzip; 59 modules; entry
[plugin nexus-code-chunk-report] [chunk-report] #6 assets/cm-lang-html-C0EZz_C7.js 145 KB raw / 55 KB gzip; 5 modules; codemirror-language
[plugin nexus-code-chunk-report] [chunk-report] #7 assets/motion-mC_GtXLh.js 122 KB raw / 40 KB gzip; 267 modules; vendor
[plugin nexus-code-chunk-report] [chunk-report] #8 assets/SettingsPanel-Cz1XecpX.js 116 KB raw / 28 KB gzip; 15 modules; dynamic-entry
[plugin nexus-code-chunk-report] [chunk-report] #9 assets/cm-lang-php-DMFCIaCF.js 96 KB raw / 28 KB gzip; 2 modules; codemirror-language
[plugin nexus-code-chunk-report] [chunk-report] #10 assets/editor-extension-core-C4diWagB.js 81 KB raw / 25 KB gzip; 7 modules; editor-internal
[plugin nexus-code-chunk-report] [chunk-report] #11 assets/editor-feature-core-D0iPpBn9.js 77 KB raw / 25 KB gzip; 18 modules; editor-internal
[plugin nexus-code-chunk-report] [chunk-report] #12 assets/cm-lang-rust-BUNp7JLL.js 69 KB raw / 25 KB gzip; 2 modules; codemirror-language
[plugin nexus-code-chunk-report] [chunk-report] 1 chunk(s) crossed watch thresholds: assets/motion-mC_GtXLh.js (module-count)
computing gzip size...
dist/index.html                                   1.52 kB │ gzip:   0.54 kB
dist/chunk-report.json                           19.60 kB │ gzip:   1.64 kB
dist/assets/index-w2HqgSe3.css                  193.51 kB │ gzip:  31.08 kB
dist/assets/rolldown-runtime-B0Z9INg1.js          0.90 kB │ gzip:   0.51 kB
dist/assets/cm-lang-json-Cn2QBrH8.js              2.04 kB │ gzip:   1.30 kB
dist/assets/cm-lang-xml-ClVkytb9.js              14.41 kB │ gzip:   5.83 kB
dist/assets/cm-lang-sql-BhD9eJhM.js              15.98 kB │ gzip:   7.04 kB
dist/assets/codemirror-react-DZw_XZks.js         18.21 kB │ gzip:   6.91 kB
dist/assets/editor-workbench-core-CRKa1kxC.js    25.28 kB │ gzip:   7.78 kB
dist/assets/cm-lang-css-DCYvHOv9.js              26.81 kB │ gzip:  12.71 kB
dist/assets/cm-lang-java-CgWwtxDW.js             40.29 kB │ gzip:  16.80 kB
dist/assets/cm-lang-md-CSWKDgZd.js               44.10 kB │ gzip:  15.23 kB
dist/assets/cm-lang-python-BITDHR0a.js           44.70 kB │ gzip:  19.40 kB
dist/assets/codemirror-core-BmMgwzlf.js          57.12 kB │ gzip:  18.81 kB
dist/assets/editor-search-git-core-Bs8PmCUf.js   60.02 kB │ gzip:  19.89 kB
dist/assets/cm-lang-rust-BUNp7JLL.js             70.85 kB │ gzip:  26.14 kB
dist/assets/editor-feature-core-D0iPpBn9.js      78.90 kB │ gzip:  25.52 kB
dist/assets/editor-extension-core-C4diWagB.js    83.45 kB │ gzip:  25.71 kB
dist/assets/cm-lang-php-DMFCIaCF.js              98.21 kB │ gzip:  28.81 kB
dist/assets/SettingsPanel-Cz1XecpX.js           118.65 kB │ gzip:  28.75 kB
dist/assets/motion-mC_GtXLh.js                  125.36 kB │ gzip:  40.84 kB
dist/assets/cm-lang-html-C0EZz_C7.js            148.04 kB │ gzip:  56.45 kB
dist/assets/index-D6JZPmlT.js                   156.30 kB │ gzip:  50.98 kB
dist/assets/react-ChczhFUD.js                   181.75 kB │ gzip:  57.15 kB
dist/assets/cm-lang-legacy-DGuP0e0O.js          379.88 kB │ gzip: 134.29 kB
dist/assets/Editor-CFifrgwA.js                  423.45 kB │ gzip: 111.76 kB
dist/assets/cm-lang-cpp-U0Th0Yuo.js             445.75 kB │ gzip: 145.54 kB

✓ built in 1.57s
