
> nexus-ecosystem@1.0.0 verify:single-react
> node ./tools/verify-single-react.mjs

verify-single-react: OK

> nexus-ecosystem@1.0.0 verify:ecosystem
> node ./tools/verify-ecosystem.mjs

[PASS] api-source-hosted: API Source ist hosted-mode
       -> mode=hosted
[PASS] api-client-dir: Lokales API Client Package vorhanden
       -> F:\Coding\Nexus Workspace\Nexus-Code-v2-wave-1\packages\nexus-core\src\api
[PASS] api-control-url-configured: Control API URL ist gesetzt
       -> https://nexus-api.cloud
[PASS] release-evidence-script: Release Evidence Generator ist als npm Script verdrahtet
       -> node ./tools/prepare-release-evidence.mjs
[PASS] control-desktop-package-lock: Control Desktop package-lock passt zum Root Package
       -> ..\NexusAPI\Nexus Control Desktop
[PASS] control-desktop-pack-scripts: Control Desktop hat reproduzierbare UI-Build, Pack- und Installer-Scripts
       -> {"start":"electron .","dev":"electron .","check":"node --check src/main.cjs && node --check src/preload.cjs && node --check src/config.cjs","build:ui":"npm --prefix \"../Nexus Control\" run build","build":"npm run build:ui && electron-builder --dir","pack":"npm run build:ui && electron-builder --dir","dist:win":"npm run build:ui && electron-builder --win nsis","dist:linux":"npm run build:ui && electron-builder --linux AppImage deb","dist:mac":"npm run build:ui && electron-builder --mac dmg"}
[PASS] control-desktop-builder-config: Control Desktop electron-builder Config paketiert die gebaute Control UI
       -> ..\NexusAPI\Nexus Control Desktop
[PASS] control-desktop-electron-deps: Control Desktop pinnt Electron und electron-builder im Package
       -> {"electron":"^42.9.0","electron-builder":"^26.16.1"}
[PASS] control-desktop-preload-no-node-bridges: Control Desktop Preload stellt keine Node-, IPC- oder Prozess-Bridges bereit
       -> ..\NexusAPI\Nexus Control Desktop\src\preload.cjs
[PASS] release-evidence-readme: Release Evidence README beschreibt Log, Smokes und Secret-Regeln
       -> docs\release-evidence\README.md
[PASS] release-evidence-generator-contract: Release Evidence Generator erstellt Version, Logs und Screenshot-Ordner
       -> tools\prepare-release-evidence.mjs
[PASS] main-app-uses-runtime: Nexus Main nutzt NexusRuntime
       -> Nexus Main\src\App.tsx
[PASS] mobile-app-uses-runtime: Nexus Mobile nutzt NexusRuntime
       -> Nexus Mobile\src\App.tsx
[PASS] code-app-uses-runtime: Nexus Code nutzt NexusRuntime
       -> Nexus Code\src\app\useNexusCodeBoot.js
[PASS] code-mobile-app-uses-runtime: Nexus Code Mobile nutzt NexusRuntime
       -> Nexus Code Mobile\src\App.jsx
[PASS] main-view-validation: Nexus Main validiert Views gegen API
       -> Nexus Main\src\App.tsx
[PASS] main-auth-effective-payment-tier: Nexus Main priorisiert den serverautoritativen Payment-Tier aus dem Auth-Contract
       -> Nexus Main\src\App.tsx
[PASS] mobile-view-validation: Nexus Mobile validiert Views gegen API
       -> Nexus Mobile\src\App.tsx
[PASS] code-view-validation: Nexus Code validiert editor-View
       -> Nexus Code\src\app\useNexusCodeBoot.js
[PASS] code-mobile-view-validation: Nexus Code Mobile validiert editor-View
       -> Nexus Code Mobile\src\App.jsx
[PASS] nexus-api-view-client: nexus-api Client hat View-Validation-Client
       -> packages\nexus-core\src\api\control\client.ts
[PASS] nexus-api-live-sync-client: nexus-api Client bietet v2 Live-Sync API
       -> packages\nexus-core\src\api\control\client.ts
[PASS] nexus-runtime-live-sync: Nexus Runtime integriert Live-Sync Hooks
       -> packages\nexus-core\src\api\runtime.ts
[PASS] shared-core-live-sync: Shared Core hat zentrale Live-Sync View-Orchestrierung
       -> packages\nexus-core\src\liveSync.ts
[PASS] main-live-sync-consumer: Nexus Main nutzt Live-Sync Catalog/Layout Runtime
       -> Nexus Main\src\App.tsx
[PASS] mobile-live-sync-consumer: Nexus Mobile nutzt Live-Sync Catalog/Layout Runtime
       -> Nexus Mobile\src\App.tsx
[PASS] hosted-alias-main: Nexus Main Alias zeigt auf internes API Package
       -> Nexus Main\vite.config.ts
[PASS] hosted-alias-mobile: Nexus Mobile Alias zeigt auf internes API Package
       -> Nexus Mobile\vite.config.ts
[PASS] hosted-alias-code: Nexus Code Alias zeigt auf internes API Package
       -> Nexus Code\vite.config.js
[PASS] hosted-alias-code-mobile: Nexus Code Mobile Alias zeigt auf internes API Package
       -> Nexus Code Mobile\vite.config.js
[PASS] installer-workflow-main-linux-appimage: Installer-Workflow baut Nexus Main Linux AppImage
       -> .github\workflows\build-installers.yml
[PASS] installer-workflow-code-linux-appimage: Installer-Workflow baut Nexus Code Linux AppImage
       -> .github\workflows\build-installers.yml
[PASS] installer-workflow-uploads-linux-artifacts: Installer-Workflow laedt Linux AppImage/deb Artefakte hoch
       -> .github\workflows\build-installers.yml
[PASS] installer-workflow-signing-gate: Installer-Workflow prueft Signing-Secrets vor Public Release Builds
       -> .github\workflows\build-installers.yml
[PASS] installer-workflow-checksums: Installer-Workflow erzeugt SHA256SUMS fuer Download-Artefakte
       -> .github\workflows\build-installers.yml
[PASS] mac-pack-notarization: macOS Pack-Script kann DMGs notarizen und staplen
       -> tools\electron-pack-mac.mjs
[PASS] signing-env-verifier: Signing-Env-Verifier deckt macOS, Windows und Android Secrets ab
       -> tools\verify-signing-env.mjs
[PASS] wiki-signing-runbook-entry: Nexus Wiki enthaelt Signing/Notarization Runbook
       -> Nexus Wiki\src\data\wikiEntriesPrimary.ts
[PASS] code-electron-secure-webprefs: Nexus Code Electron Window nutzt sichere WebPreferences
       -> Nexus Code\electron\main.cjs
[PASS] code-electron-workspace-fs-sandbox: Nexus Code begrenzt Datei-IPC auf ausgewaehlte Workspace Roots
       -> Nexus Code\electron\main.cjs
[PASS] code-electron-terminal-sandbox: Nexus Code Terminal-IPC hat Workspace-CWD, Session-Limit und Blocklist
       -> Nexus Code\electron\main.cjs
[PASS] code-electron-navigation-guards: Nexus Code blockt Permissions, Webviews und unsichere Navigation
       -> Nexus Code\electron\main.cjs
[PASS] code-electron-preload-validation: Nexus Code Preload validiert Pfade, Payloads und Terminal Channels
       -> Nexus Code\electron\preload.cjs
[PASS] main-devtools-release-health-dashboard: Nexus Main DevTools hat Release Health Dashboard
       -> Nexus Main\src\views\devtools\ReleaseHealthDashboard.tsx
[PASS] main-devtools-release-health-tab: DevTools verlinkt Release Health Tab
       -> Nexus Main\src\views\DevToolsView.tsx
[PASS] main-devtools-support-diagnostics-export: DevTools exportiert redigierte Support-Diagnostics ohne Secrets
       -> Nexus Main\src\views\devtools\ReleaseHealthDashboard.tsx
[PASS] main-guided-onboarding-checklist: Nexus Main hat gefuehrtes First-Start-Onboarding mit Setup-Checkliste
       -> Nexus Main\src\components\WelcomeWalkthrough.tsx
[PASS] main-runtime-channel-config: Nexus Main hat Stable/Canary/Dev Runtime Channel Konfiguration
       -> Nexus Main\src\app\mainAppConfig.ts
[PASS] main-runtime-url-policy: Nexus Main Runtime URLs nutzen die gemeinsame Control-API-Policy inkl. Legacy Env
       -> Nexus Main\src\app\mainAppConfig.ts
[PASS] mobile-runtime-url-policy: Nexus Mobile Runtime URLs nutzen die gemeinsame Control-API-Policy inkl. Legacy Env
       -> Nexus Mobile\src\app\mobileAppConfig.ts
[PASS] dev-all-no-open-cross-platform: dev:all:no-open nutzt ein Windows-portables CLI-Flag statt Shell-Env-Zuweisung
       -> package.json
[PASS] dev-ecosystem-no-open-flag: Dev-Ecosystem Script unterstuetzt --no-open und Env-Fallback
       -> tools\dev-ecosystem.mjs
[PASS] main-runtime-channel-bootstrap: Nexus Main Bootflow nutzt sichtbaren Runtime Channel fuer Live Sync und API Bootstrap
       -> Nexus Main\src\App.tsx
[PASS] main-template-pack-catalog: Nexus Main hat zentralen Template Pack Katalog
       -> Nexus Main\src\app\nexusTemplatePacks.ts
[PASS] main-infoview-template-packs: InfoView zeigt kopierbare Template Packs
       -> Nexus Main\src\views\InfoView.tsx
[PASS] main-workspace-backup-core: Nexus Main hat versionierte Workspace Backup/Restore Core-Logik
       -> Nexus Main\src\app\workspaceBackup.ts
[PASS] main-settings-backup-restore-ui: Settings zeigt Import Preview und delegiert Restore an den Workspace-Koordinator
       -> Nexus Main\src\views\settings\SettingsBackupRestorePanel.tsx
[PASS] main-workspace-restore-safety-backup: Workspace-Koordinator erstellt Safety Backup und Recovery Journal vor der Anwendung
       -> Nexus Main\src\app\workspaceRestore.ts
[PASS] main-devtools-feature-flag-control-core: Nexus Main hat lokale Control Feature-Flag Draft-, Validierungs- und Rollout-Logik
       -> Nexus Main\src\app\controlFeatureFlags.ts
[PASS] main-devtools-feature-flag-control-ui: Feature Flags Dev-View zeigt Editor mit Validation, Rollout und Audit
       -> Nexus Main\src\views\devtools\FeatureFlagControlPanel.tsx
[PASS] main-devtools-feature-flag-dev-only-registry: Feature Flags sind als eigene Dev-only View registriert
       -> Nexus Main\src\app\mainViewRegistry.ts
[PASS] main-notes-editor-qol: Notes schuetzt Editor-Zeilenumbrueche, Toolbar-Selection und Markdown-only Details
       -> Nexus Main\src\views\NotesView.tsx
[PASS] main-notes-mobile-library-drawer: Notes nutzt auf kleinen Breiten einen tastaturbedienbaren Library-Drawer
       -> Nexus Main\src\views\NotesView.tsx
[PASS] main-notes-phone-title-grid: Notes reserviert auf Phone-Breiten eine eigene Zeile und Mindestbreite fuer den editierbaren Titel
       -> Nexus Main\src\views\notes\NotesViewPolish.css
[PASS] main-canvas-responsive-toolbar-overflow: Canvas priorisiert Kernaktionen und haelt den vollstaendigen Werkzeugkatalog im Overflow erreichbar
       -> Nexus Main\src\views\canvas\components\CanvasTopBar.tsx
[PASS] main-header-only-wired-actions: Globaler Header zeigt nur verdrahtete Commands und bietet ein zugaengliches Responsive-Overflow
       -> Nexus Main\src\app\NexusV6ViewShell.tsx
[PASS] main-magic-details-renderer: Notes rendert nexus-details ohne rohes HTML im Editor
       -> Nexus Main\src\views\notes\NotesMagicRenderers.tsx
[PASS] main-interactive-buttons-default-type: Interaktive Action Buttons defaulten auf type=button
       -> Nexus Main\src\components\render\InteractiveActionButton.tsx
[PASS] main-interactive-icon-buttons-default-type: Interaktive Icon Buttons defaulten auf type=button
       -> Nexus Main\src\components\render\InteractiveIconButton.tsx
[PASS] control-desktop-main-security: Control Desktop BrowserWindow nutzt sichere WebPreferences
       -> ..\NexusAPI\Nexus Control Desktop\src\main.cjs
[PASS] control-desktop-navigation-guards: Control Desktop blockt Navigation, Popups und Permissions ausserhalb erlaubter Origins
       -> ..\NexusAPI\Nexus Control Desktop\src\main.cjs
[PASS] control-desktop-preload-contract: Control Desktop Preload exposed nur einen kleinen Desktop-Marker
       -> ..\NexusAPI\Nexus Control Desktop\src\preload.cjs
[PASS] control-ui-paywall-tab: Control UI hat Paywalls-Tab
       -> ..\NexusAPI\Nexus Control\src\layout\workspace\nav-tabs.js
[PASS] control-ui-livesync-tab: Control UI hat Live-Sync-Tab
       -> ..\NexusAPI\Nexus Control\src\layout\workspace\nav-tabs.js
[PASS] control-ui-scripts-tab: Control UI hat Scripts-Tab
       -> ..\NexusAPI\Nexus Control\src\layout\workspace\nav-tabs.js
[PASS] control-ui-paywall-save: Control UI kann Paywalls laden/speichern
       -> ..\NexusAPI\Nexus Control\src\control\events\management-events.js
[PASS] control-ui-v2-actions: Control UI kann v2 Catalog/Schema/Promotion steuern
       -> ..\NexusAPI\Nexus Control\src\control\workspace\v2-actions.js
[PASS] main-electron-build-scripts: Nexus Main hat Host-Build und expliziten All-Platform-Installer-Build
       -> npm run electron:build:host | npm run electron:build:installers | node ../tools/electron-pack-linux.mjs -- electron-builder --linux AppImage deb
[PASS] main-product-v6: Nexus Main Installer-Produktname ist v6
       -> Nexus v6
[PASS] main-installer-targets: Nexus Main baut Windows, macOS und Linux AppImage Targets
       -> win=true mac=true linuxAppImage=true
[PASS] main-installer-artifact-names: Nexus Main Artefakte sind v6-/Main-benannt und nicht mehr v5
       -> Nexus_Main_${version}_${arch}.AppImage | Nexus_Main_${version}_${arch}.dmg | Nexus_Main_User_Setup_${version}.exe
[PASS] main-linux-icon-set: Nexus Main hat PNG-Icons fuer Linux/AppImage
       -> icons/{16,32,48,64,128,256,512}x*.png
[PASS] main-mac-signing-config: Nexus Main macOS Build nutzt Hardened Runtime und Entitlements
       -> {"hardenedRuntime":true,"entitlements":"build/entitlements.mac.plist"}
[PASS] code-electron-build-scripts: Nexus Code hat Host-Build und expliziten All-Platform-Installer-Build
       -> npm run electron:build:host | npm run electron:build:installers | node ../tools/electron-pack-linux.mjs -- electron-builder --linux AppImage deb
[PASS] code-installer-targets: Nexus Code baut Windows, macOS und Linux AppImage Targets
       -> win=true mac=true linuxAppImage=true
[PASS] code-installer-artifact-names: Nexus Code Artefakte sind versionierte Download-Dateien
       -> Nexus_Code_${version}_${arch}.AppImage | Nexus_Code_${version}_${arch}.dmg | Nexus_Code_User_Setup_${version}.exe
[PASS] code-linux-icon-set: Nexus Code hat PNG-Icons fuer Linux/AppImage
       -> assets/icons/{16,32,48,64,128,256,512}x*.png
[PASS] code-mac-signing-config: Nexus Code macOS Build nutzt Hardened Runtime und Entitlements
       -> {"hardenedRuntime":true,"entitlements":"build/entitlements.mac.plist"}
[PASS] no-private-api-references: Keine privaten API-Pfadreferenzen im Ecosystem-Code
       -> ok

Ergebnis: 89/89 Checks erfolgreich.

> nexus-ecosystem@1.0.0 test:public
> node ./tools/run-client-tests.mjs

[client-tests] 46 test files (public repository)
✔ Code Mobile authenticates without bundling shared credentials (8.3907ms)
✔ Code Mobile revokes the server session with its bearer token (1.423ms)
✔ Code Mobile clears local credentials even when server revocation fails (1.4908ms)
✔ Debug panel and release documentation identify the surface as simulation-only (1.2069ms)
✔ browser/missing and partial bridges expose truthful capabilities (3.5947ms)
✔ workspace adapter preserves arguments, picker cancellation, bytes and receiver (0.8928ms)
✔ throws, denied/oversize failures and malformed successes normalize once without leaking details (1.4868ms)
✔ native envelopes stay distinct from fire-and-forget runner dispatch (0.9806ms)
✔ subscriptions filter invalid payloads and dispose once, ignoring late events (2.7932ms)
✔ renderer selection never treats a browser fixture object as production Electron (0.5032ms)
✔ false or missing filesystem acknowledgments cannot clear a dirty save (0.7453ms)
✔ subscription teardown errors are safe results and still suppress late events (0.4968ms)
✔ GitHub device-flow compatibility accepts both existing string and options payloads (0.4609ms)
✔ stored keys/extension themes/future compatible keys survive schema round trips (2.7507ms)
✔ legacy numeric bounds/default merge and invalid-setting issues are explicit (0.7258ms)
✔ legacy shortcut validation/default handling survives while future command IDs persist (1.2055ms)
✔ extracts accessible text from trusted smoke markup (1.6714ms)
✔ ignores raw script and style contents including tolerant closing tags (0.3267ms)
✔ registry aliases dispatch once and use current availability with safe errors (4.9465ms)
✔ palette/Spotlight metadata follows authority without changing legacy ranking identities (2.314ms)
✔ actual palette and Spotlight models share availability and preserve aliases/labels (18.1346ms)
✔ handler and availability failures cannot escape structured command results (0.7651ms)
✔ sidebar toggle preserves legacy visibility/zen/draft-independent effects (1.3043ms)
✔ terminal open/toggle respects current docking and settings command aliases (2.1854ms)
✔ custom side-docked terminal uses the existing model without forcing rail visibility (1.1694ms)
✔ host is off by default; browser/mobile start no collector or process (2.0016ms)
﹣ real pinned Rust CLI, reviewed Node wrapper and host decoder agree on all seven ordered starts (0.2559ms) # SKIP
﹣ real Rust NoSolution, incomplete coverage, denied read/plan, scope exclusion and BestFound stay distinct (0.1781ms) # SKIP
﹣ real Rust consumes explicit latest-end; missing duration never invokes bridge (0.1613ms) # SKIP
﹣ Rust canonical UTC serialization retains the exact subsecond instant without false staleness or rounding (0.1706ms) # SKIP
﹣ real response decoder rejects forged correlations, unsafe numbers, missing feature nulls, execution claims and malformed fields (0.1314ms) # SKIP
﹣ real raw Rust fixture recurrence/dependency/DST evidence is retained, without claiming adapter support (0.1188ms) # SKIP
﹣ trusted host rejects binary/module/source pin mismatch and closed renderer authority before spawn (0.1139ms) # SKIP
﹣ reviewed Node transport sanitizes errors, bounds bytes, and kills disposable hanging processes on abort/timeout (0.1708ms) # SKIP
✔ N2 stays off by default and rejects renderer authority before collection (1.9507ms)
✔ superseding host capture cancels previous work and rejects overlapping process admission (33.6658ms)
﹣ real pinned Rust preview preserves order, real reason enums and no execution grant (0.2019ms) # SKIP
﹣ real Rust unknown coverage, denied plan, no fit and budget keep distinct outcomes/reasons (0.1423ms) # SKIP
﹣ trusted context coverage cannot be widened by a renderer horizon (0.1111ms) # SKIP
﹣ fresh host revisions, permissions, occupancy and cancellation invalidate preview tickets (0.1375ms) # SKIP
﹣ actual shared manual command persists only after explicit confirmation and acknowledges one block (0.1434ms) # SKIP
﹣ canonical Nexus task and planning changes after preview prevent any manual command (0.1357ms) # SKIP
﹣ task edit during awaited host revalidation is rechecked synchronously before command (0.2032ms) # SKIP
﹣ storage failure restores exact previous document; explicit retry keeps the same receipt key (0.2084ms) # SKIP
﹣ renderer request excludes task contents, links and host facts; real offline outcome never writes (0.1144ms) # SKIP
✔ filesystem authorization permits missing children below the canonical root (2.6765ms)
✔ filesystem authorization rejects a junction that escapes the configured root (7.6767ms)
✔ IPC authorization accepts only the main window and its main frame (1.2004ms)
✔ Main logout revokes the API session with the device identity (1.6034ms)
✔ Main logout always clears local credentials when revocation fails (0.6756ms)
✔ backup JSON roundtrip preserves entity metadata and does not alias live data (38.3094ms)
✔ schema-1 exports made before the optional-theme checksum repair stay readable (1.1235ms)
✔ malformed, missing, duplicate and future data reject without throwing or mutation (1.6413ms)
✔ tampering with valid content fails checksum verification (0.7225ms)
✔ empty collections remain authoritative (0.6377ms)
✔ version-2 backup binds planning and retains compatible metadata without changing schema-1 readers (2.2414ms)
✔ guided walkthrough exposes exactly 14 unique interactive chapters (2.0794ms)
✔ guided walkthrough parsing is stable across LF and CRLF checkouts (1.2376ms)
✔ walkthrough view actions remain entitlement-gated, resumable, and non-mutating (0.5296ms)
✔ Files keeps workspace scope explicit, persistent, and separate from disk snapshots (10.2809ms)
✔ Flux exposes source-backed low-activity states without bulk auto-resolution (8.4904ms)
✔ Settings separates accessibility and keeps details progressive on small screens (9.9971ms)
✔ Main keeps renderer credentials out of production bundles and labels titlebar controls (1.9135ms)
✔ unrelated edits keep exact temporal kind, precision and offset (1.3202ms)
✔ explicit date change preserves timed suffix without device-zone conversion (0.3896ms)
✔ new deadlines remain date-only and explicit clearing removes them (0.2171ms)
✔ mobile scroll stacks do not flex-shrink panels into visual overlap (16.3969ms)
✔ startup migration removes a legacy Notes search query (9.5022ms)
✔ startup migration removes malformed legacy state safely (0.4102ms)
✔ current Notes state is not rewritten (0.2704ms)
✔ Notes keeps user search text session-only (1.4561ms)
✔ capture returns ID only after durable transaction acknowledgement and preserves unrelated metadata (4.596ms)
✔ identical command retry after lost response retains the original ID and does not duplicate (0.8382ms)
✔ a command key binds every supplied field and rejects changed content without mutation (0.8967ms)
✔ replacement generation rejects old receipts; another accepted command makes old revision stale (3.1945ms)
✔ Reminder requires an explicit valid instant; exact offset, precision and message survive (4.98ms)
✔ application owner serializes conflicting captures and refuses work during recovery (0.7155ms)
✔ fresh transaction builder observes flushed source edits rather than request-time state (0.5302ms)
✔ capture waits for hydration without rereading already hydrated stores (1.4774ms)
✔ a swallowed persistence read failure cannot authorize default-state replacement (0.6972ms)
✔ Mobile planning statuses and fields survive Main display projection and roundtrip (2.8264ms)
✔ Main-only planning fields survive Mobile, while explicit Main edits supersede the mapped field (0.5657ms)
✔ N1 maps explicit synthetic facts immutably to one analysis-only Event with separate task identity (35.1292ms)
✔ unknown duration, zone, civil deadline/recurrence and workflow readiness require clarification without guesses (3.5776ms)
✔ unsafe revisions/budgets, invalid resolved instants/zone and arbitrary renderer authority fail closed (1.8748ms)
✔ freshness binds content/source/generation/permission; capture clock is not a revision (2.969ms)
✔ manifest exact profile/version axes reject incompatible metadata (0.7984ms)
✔ off/browser/mobile and clarification start no transport or capture; errors expose fixed code only (2.3523ms)
✔ owner discards late replies, source changes, permission changes, disable and disposal even if transport ignores abort (6.9708ms)
✔ new intent cancels old work and discards its out-of-order reply even when transport ignores cancellation (8.4025ms)
✔ explicit resolved inputs reject missing duration, local DST values, invented zones and excessive horizons (37.1858ms)
✔ reason projection accepts exact pinned unit/payload spelling, rejects arbitrary explanation messages (2.5952ms)
✔ disabled local flow neither invokes collector nor manual persistence (0.8527ms)
✔ superseded awaited preview cannot replace current UI or call persistence (1.1436ms)
✔ preview messages require the exact bounded schema (2.8652ms)
✔ bundle and executable HTML inputs are bounded before parsing (0.841ms)
✔ body extraction uses a bounded parser and the log bridge keeps a fixed window (0.6057ms)
✔ artifact JSON export scrubs secret keys and common inline credentials (1.2037ms)
✔ artifact export redacts complete and incomplete PEM private-key blocks (0.4552ms)
✔ DevTools is development-only and never a local-free fallback (10.532ms)
✔ an explicit remote denial cannot be replaced by a local-free allow (34.8549ms)
✔ remote authorization HTTP denials remain fail-closed (0.7845ms)
✔ DevTools rejects malformed responses and remote free-tier allows (2.0023ms)
✔ Main registry and preview listener enforce the matching development/source policy (1.3876ms)
✔ tab changes cannot redirect a scheduled save to another file or content (3.0184ms)
✔ an older native write cannot clear a newer edit and writes to a file stay ordered (0.6652ms)
✔ rejected writes keep drafts dirty and can be explicitly retried (0.5023ms)
✔ removing a file cancels its scheduled write (0.3324ms)
✔ drafts enqueue before store drains regardless of registration order (3.2793ms)
✔ unmounted sessions are omitted and invalidation synchronously advances generation (0.4257ms)
✔ legacy formats preserve version, unknown data and current tombstones (13.4308ms)
✔ legacy IndexedDB segments preserve raw IDs, JSON-looking strings and null selections (0.9776ms)
✔ failed commits retain pending bytes and never acknowledge before transaction success (1.0383ms)
✔ edits during an in-flight commit are persisted after the older revision (0.4958ms)
✔ an empty flush followed immediately by an edit cannot acknowledge an uncommitted revision (0.6093ms)
✔ an IndexedDB failure replays the current write to fallback without deleting legacy state (2.1358ms)
✔ quota on both backends keeps the last copy and supports retry and restart (0.8116ms)
✔ unknown snapshot versions block writes; malformed segments cannot silently become empty data (0.5618ms)
✔ synchronous exit checkpoints include newest in-memory data and do not resurrect deletions (0.9492ms)
✔ a rejected serialization cannot be reported as saved by flushing an older pending value (10.7889ms)
✔ oversized input is rejected before the native bridge or regex analysis (1.3519ms)
✔ JSON analysis output is explicitly bounded (3.0598ms)
✔ native execution has a renderer-side timeout boundary (60.9828ms)
✔ native execution observes cancellation (0.8824ms)
✔ static fallback analysis is bounded before adversarial regular expressions run (59.0078ms)
✔ ordinary static previews keep their existing counts and first-eight result cap (1.0177ms)
✔ descendant discovery terminates for cyclic metadata and retains each ID once (1.9142ms)
✔ renaming a directory updates nested native paths while preserving stable identities and metadata (5.8577ms)
✔ legacy content and metadata survive migration and a fresh repository instance (2.9245ms)
✔ v2 empty content, folders, deletion and an intentionally empty index retain meaning (0.8072ms)
✔ quota failure retains the previous complete snapshot and pending bytes for retry (0.5781ms)
✔ failed migration never removes the only complete legacy representation (0.407ms)
✔ unknown versions and incomplete v2 records block destructive default writes (0.4966ms)
✔ recoverable v2 index uses retained legacy content without confusing empty and missing (0.3259ms)
✔ save captures requested bytes and coalesces to the latest complete revision (0.2947ms)
✔ half-open adjacency is not overlap; actual overlap is explicit (4.5198ms)
✔ missing duration and unknown coverage never become invented/free time (29.9769ms)
✔ new civil deadline capture declares a zone; scheduling compares its end-of-day, legacy dates remain unresolved (6.4585ms)
✔ schedule/move preserve canonical deadline, identity, links and unknown metadata; full-content replay survives reload (12.7377ms)
✔ stale task, generation and availability revisions reject without mutation (1.0461ms)
✔ completion retains history and inactive future blocks; stops new scheduling (9.0983ms)
✔ acknowledgement failure rolls back; double failure retains journal and recovers on reload (1.7325ms)
✔ a workspace freeze and malformed command reject before journaling without false recovery (5.0427ms)
✔ journal failure and a source change during journaling freeze safely; divergent reload retains current data for repair (3.4363ms)
✔ a deleted task rejects a stale placement without deleting the retained block (2.3788ms)
✔ concurrent duplicate commands serialize into one acknowledged entity (1.7791ms)
✔ Today counts a due and scheduled task once; reminders are points, inactive and orphan blocks remain visible (5.2635ms)
✔ unknown versions and impossible intervals fail closed; downgrade has explicit loss (1.1445ms)
✔ ICS archive and chosen fixed intervals acknowledge together; unsupported series stay raw by default and retry is idempotent (15.1593ms)
✔ ICS apply failure rolls back archive and event as one generation (1.8798ms)
✔ Note and scoped Canvas promotion return stable canonical IDs across repeat/reload; sources stay unchanged (8.3303ms)
✔ typed repair keeps unrelated metadata, rejects missing targets, and rollback restores exact original links (4.4042ms)
✔ ambiguous legacy Canvas IDs are retained for explicit project selection; changed sources cannot be promoted during journaling (0.8057ms)
✔ same declared fixture round-trips Main -> Mobile -> Main with unknown provenance and unsupported recurrence retained (37.7416ms)
✔ legacy initialization creates no inferred duration, block, event or coverage; future formats reject (0.8139ms)
✔ malformed issue and dependency records fail before rendering; receipts-only downgrade still reports loss (2.3935ms)
✔ explicit planning merge incoming identities/durations win, availability replaces, metadata persists (3.9855ms)
✔ receipts cannot be rebound by merge; same canonical content preserves original acknowledgment (3.3783ms)
✔ explicit work times reject DST gaps and require fold occurrence choice; day horizons reflect 23/25h (14.2665ms)
✔ fixed ICS start/end retains seconds, UID and raw provenance without deadline projection (32.1575ms)
✔ unsupported interval/count series and exceptions are visible and never expanded (4.5542ms)
✔ floating and all-day dates require selected zone; 23/25h days retain exclusive boundary (11.3539ms)
✔ gaps, folds, custom zones, duration and recurrence overrides retain raw without invented interval (2.8802ms)
✔ malformed/truncated and oversized inputs fail before partial import (2.481ms)
✔ embedded VTIMEZONE is retained instead of silently replacing its rules with host IANA data (0.5516ms)
✔ only direct VCALENDAR VEVENT children execute; unsupported parent trees remain raw (5.0072ms)
✔ mixed endpoint TZIDs resolve their real instants and retain both original properties (1.787ms)
✔ quick capture preserves supported prefixes and title normalization (2.3541ms)
✔ quick capture rejects multiline ambiguity without regex backtracking (1.3778ms)
✔ UTC daily/weekly preserves precision over both DST transitions (6.159ms)
✔ monthly clamp retains anchor day without February drift, including leap year (0.3732ms)
✔ advance coalesces missed occurrences and returns first strictly future instant (1.8333ms)
✔ snooze/title edits preserve anchor; time/repeat edits start explicit new series; closed stays closed (0.5706ms)
✔ independent notification IDs avoid legacy polynomial hash collisions (0.3885ms)
✔ unknown version, civil cadence, malformed ledger and duplicate source IDs are rejected (0.7382ms)
✔ outside-view owner dispatches only after source and claim ack; remount/restart cannot repeat external request (7.5158ms)
✔ hydration/source/claim persistence failure produces no external effect (0.8549ms)
✔ two completed monthly cycles survive restart with anchor; snooze affects current only; stop closes series (2.533ms)
✔ command journal is acknowledged before source write; failed flush retained then restart rolls forward (1.108ms)
✔ newer edit during interrupted command blocks recovery and retains evidence (0.8635ms)
✔ native restart reconciles same pending request without duplicate schedule; deletion cancels owned ID (1.0353ms)
✔ native cancellation failure cannot falsely report cleared and is retried (0.9843ms)
✔ failed native schedule leaves persisted claim; restart reconciles missing request once with same ID (1.0506ms)
✔ missing native request after due time is uncertain; observed event is distinguished; no duplicate foreground request (1.4472ms)
✔ permission denied uses foreground only when due, without any request-permission port (0.6782ms)
✔ quiet hours defer foreground claim; invalid snooze and completed occurrence return honest results (0.7029ms)
✔ unrelated native ID collisions allocate another ID and never cancel unrelated request (0.5426ms)
✔ native quiet-hours capability cancels pending future request and permits foreground after quiet hours (0.6888ms)
✔ stop series reports delivery pending when native cancellation fails; retry acknowledges cancellation (2.4704ms)
✔ legacy native request migration cancels only identified legacy reminders (0.6519ms)
✔ old delivered event for the same native ID cannot confirm the next occurrence (0.9727ms)
✔ a concurrent double click completes one occurrence and rejects the stale second command (1.0501ms)
✔ command ledger failure after acknowledged source commit retains journal and restart preserves anchor (0.9008ms)
✔ stop is idempotent and retries failed native cancellation after the source is already closed (0.7342ms)
✔ portable occurrence transfer preserves month-end anchor and history, excluding all OS bindings (1.4117ms)
✔ portable format rejects native bindings, future versions and source mismatch (0.6425ms)
✔ imported requested outcome suppresses current delivery even in future until explicit snooze (1.327ms)
✔ startup initialize/recovery and sidecar captures do not perform delivery effects before App attach (0.4952ms)
✔ workspace freeze prevents new effects and commands; local sidecar replacement is acknowledged without effects (0.7341ms)
✔ drain waits an already-started effect before source replacement, then frozen ticks stay paused (0.6211ms)
✔ selected merge preserves unselected local native claims and transfers only the imported series anchor (3.406ms)
✔ legacy replacement preserves unchanged local recurrence but treats a changed source as an explicit new series (0.5572ms)
✔ Europe/Berlin: unchanged minute preserves exact instant and precision (34.5453ms)
✔ Europe/Berlin: rejects a DST gap instead of normalizing it (2.1779ms)
✔ Europe/Berlin: a changed fold exposes both offsets and requires an explicit choice (1.9178ms)
✔ Europe/Berlin: existing earlier and later folds retain original precision (0.7333ms)
✔ America/New_York: unchanged minute preserves exact instant and precision (1.5937ms)
✔ America/New_York: rejects a DST gap instead of normalizing it (1.1251ms)
✔ America/New_York: a changed fold exposes both offsets and requires an explicit choice (2.2617ms)
✔ America/New_York: existing earlier and later folds retain original precision (1.2034ms)
✔ the same selected wall time resolves in the selected zone, independently of host zone (1.2123ms)
✔ the new-reminder +15-minute default preserves its intended instant, including seconds (0.4847ms)
✔ an instant-based quick preset in the later fold retains the selected instant (3.6922ms)
✔ non-hour offsets and thirty-minute DST transitions resolve without one-hour assumptions (4.2984ms)
✔ a skipped civil day is rejected (1.4537ms)
✔ invalid/empty local input and unsupported zones return validation errors without throwing (1.6412ms)
✔ stored explicit-offset precision survives unchanged, while zone-less values are not inferred as instants (0.2663ms)
✔ both client exchanges retain complete planning and metadata while legacy schema stays strict (34.4293ms)
✔ legacy import has no planning replacement; downgrade reports the lost fields (1.5338ms)
✔ future and missing planning formats fail before any input mutation (5.12ms)
✔ separate legacy export discloses recurrence loss and retains the original complete exchange (2.5569ms)
✔ complete replacement clears every collection and invalid navigation, without mutating either input (5.5355ms)
✔ selected merge preserves unselected sections, local active selection and unknown incoming metadata (1.0549ms)
✔ selected imported entities bring their folder ancestor definitions without replacing unselected local definitions (0.6497ms)
✔ unselected malformed entities are rejected and orphan links are retained for explicit repair (0.9837ms)
✔ runtime preserves intentional empty collections and unknown entity metadata (4.8222ms)
✔ incomplete, unsupported and malformed runtime snapshots never become empty replacements (1.0962ms)
✔ runtime capture detaches live object references before a later edit (3.5346ms)
✔ validation precedes capture and mutation; journal precedes application; acknowledgment precedes cleanup (1.9093ms)
✔ a failed commit restores all previous data before clearing recovery evidence (0.3397ms)
✔ failure during rollback retains a complete recovery point for restart (0.2678ms)
✔ partial composition uses the latest flushed draft and detaches its captured preimage (0.2095ms)
✔ failed journal acknowledgement never applies imported state (0.2332ms)
✔ a synchronous partial apply failure still restores the entire preimage (0.262ms)
✔ a missing foreign-platform binding fails on every host before npm ci (1.0391ms)
✔ a versionless nested placeholder fails even when a hoisted binding exists (0.2285ms)
✔ complete hoisted or nested bindings pass; mismatched versions and missing integrity fail (0.7395ms)
(node:165772) [DEP0190] DeprecationWarning: Passing args to a child process with shell option true can lead to security vulnerabilities, as the arguments are not escaped, only concatenated.
(Use `node --trace-deprecation ...` to show where the warning was created)
✔ Windows literal bat path keeps whitespace/Unicode/ampersand and ordinary argv (226.6416ms)
✔ Windows literal cmd path keeps whitespace/Unicode/ampersand and ordinary argv (219.4186ms)
✔ Windows async batch invocation uses the same literal path boundary (91.0787ms)
✔ Windows EINVAL fallback quotes only the literal batch executable path (91.9296ms)
✔ explicit shell false executable preserves real argv boundaries and nonzero status (111.8231ms)
✔ ordinary npm invocation remains executable without rewriting npm arguments (373.507ms)
✔ an executable with an explicit custom shell keeps its existing helper behavior (74.2691ms)
✔ npm execPath invocation uses the existing npm CLI through Node (497.1136ms)
✔ an earlier failed install cannot be masked by a successful later npm process (1.9202ms)
✔ a launch failure stops installation; successful installs visit every package (0.4079ms)
✔ full releases still fail closed when private Control sources are absent (133.9043ms)
✔ public CI requires every public build, audit and regression gate independent of siblings (1.1192ms)
✔ public CI rejects partial-public or private-release flags (0.4463ms)
✔ full workspace plans retain private builds and requested API contracts (0.2588ms)
✔ release checksum manifests are uniquely named, P-256 signed, and self-verified (168.2637ms)
✔ RSA and malformed signing material fail closed (329.5835ms)
✔ public release workflows enforce fresh artifacts, architecture, and signatures (1.6987ms)
ℹ tests 254
ℹ suites 0
ℹ pass 237
ℹ fail 0
ℹ cancelled 0
ℹ skipped 17
ℹ todo 0
ℹ duration_ms 3866.411

> nexus-ecosystem@1.0.0 verify:lockfiles
> node ./tools/verify-lockfiles.mjs

[lockfiles] PASS packages/nexus-core
[lockfiles] PASS Nexus Main
[lockfiles] PASS Nexus Mobile
[lockfiles] PASS Nexus Code
[lockfiles] PASS Nexus Code Mobile
[lockfiles] PASS Nexus Wiki
