
> nexus-code@1.0.0 smoke:ide-core
> node ./scripts/run-ide-core-smoke.mjs

[ide-core-smoke] 52 Nexus Code IDE-core scenarios passed.
  ok file-tree-sort-order (2ms)
  ok file-tree-entry-normalization (0ms)
  ok file-tree-refresh-merge (0ms)
  ok file-tree-open-search-paths (1ms)
  ok file-tree-token-search-and-parent-cycle-guards (0ms)
  ok file-tree-limits (0ms)
  ok file-tree-empty-error-display (1ms)
  ok file-tree-extension-guards (0ms)
  ok file-tree-items-and-virtual-window (0ms)
  ok workbench-layout-corrupt-data-normalization (2ms)
  ok workbench-layout-duplicate-panel-dedupe (0ms)
  ok workbench-layout-empty-buckets-and-snap-aliases (0ms)
  ok workbench-layout-aliases-and-compact-fallbacks (1ms)
  ok workbench-layout-hostile-bucket-normalization (0ms)
  ok workbench-layout-size-presets-and-reset-helpers (2ms)
  ok workbench-layout-responsive-size-clamps (0ms)
  ok workbench-move-panel-to-zone (1ms)
  ok workbench-layout-drop-preview (1ms)
  ok workbench-visible-panel-fallback (1ms)
  ok workbench-panel-focus-helpers (2ms)
  ok extension-runtime-snapshot-contributions (5ms)
  ok extension-theme-install-enable-disable-contributions (4ms)
  ok settings-theme-options-extension-fallback (2ms)
  ok extension-lifecycle-and-category-filters (1ms)
  ok extension-command-contributions-route-to-palette-model (7ms)
  ok github-workbench-model-fallbacks (2ms)
  ok extension-manifest-normalization-and-host-summary (1ms)
  ok github-service-issues-projects-contracts (7ms)
  ok account-session-start-contract (1ms)
  ok nexus-code-login-payload-contract (0ms)
  ok command-palette-fuzzy-search-ranking (15ms)
  ok spotlight-file-fuzzy-dedupe (2ms)
  ok spotlight-symbol-results-open-files (5ms)
  ok spotlight-project-text-result-ranking (1ms)
  ok spotlight-workspace-search-recursive-fallback (6ms)
  ok editor-symbol-extraction-active-scope (1ms)
  ok editor-completion-helper-routing (14ms)
  ok editor-feature-model-module-boundaries (3ms)
  ok codemirror-language-support-routing (9484ms)
  ok editor-hover-markup-normalization (0ms)
  ok editor-status-and-lsp-feature-contracts (2ms)
  ok lsp-server-status-contracts (1ms)
  ok settings-keybinding-model-contracts (1ms)
  ok lsp-settings-setup-model-contracts (1ms)
  ok lsp-server-registry-expanded-languages (0ms)
  ok lsp-server-capabilities-map-runtime-features (0ms)
  ok lsp-feature-contracts-respect-runtime-capabilities (0ms)
  ok lsp-text-edit-and-workspace-edit-contracts (1ms)
  ok lsp-service-diagnostics-sync-contract (0ms)
  ok lsp-service-pull-diagnostics-preserve-unchanged (1ms)
  ok lsp-client-noop-feature-contracts (0ms)
  ok editor-engine-lsp-fallback-contracts (1ms)

> nexus-code@1.0.0 smoke:ui
> node ./scripts/run-ui-smoke.mjs

[ui-smoke] 36 Nexus Code component scenarios rendered across 4 viewports without App.jsx boot-gate imports.
  ok workbench-shell@desktop 1440x900 (39 buttons, 61482 bytes)
  ok editor-scroll@desktop 1440x900 (0 buttons, 2991 bytes)
  ok launchpad@desktop 1440x900 (3 buttons, 16497 bytes)
  ok file-explorer@desktop 1440x900 (20 buttons, 42502 bytes)
  ok account-panel@desktop 1440x900 (8 buttons, 20713 bytes)
  ok settings-panel@desktop 1440x900 (30 buttons, 36053 bytes)
  ok panel-chrome@desktop 1440x900 (2 buttons, 7359 bytes)
  ok github-workbench@desktop 1440x900 (5 buttons, 13291 bytes)
  ok github-projects@desktop 1440x900 (5 buttons, 13583 bytes)
  ok workbench-shell@tablet 1024x768 (39 buttons, 61481 bytes)
  ok editor-scroll@tablet 1024x768 (0 buttons, 2990 bytes)
  ok launchpad@tablet 1024x768 (3 buttons, 16496 bytes)
  ok file-explorer@tablet 1024x768 (20 buttons, 42501 bytes)
  ok account-panel@tablet 1024x768 (8 buttons, 20712 bytes)
  ok settings-panel@tablet 1024x768 (30 buttons, 36052 bytes)
  ok panel-chrome@tablet 1024x768 (2 buttons, 7358 bytes)
  ok github-workbench@tablet 1024x768 (5 buttons, 13290 bytes)
  ok github-projects@tablet 1024x768 (5 buttons, 13582 bytes)
  ok workbench-shell@short-wide 900x512 (39 buttons, 61481 bytes)
  ok editor-scroll@short-wide 900x512 (0 buttons, 2990 bytes)
  ok launchpad@short-wide 900x512 (3 buttons, 16496 bytes)
  ok file-explorer@short-wide 900x512 (20 buttons, 42501 bytes)
  ok account-panel@short-wide 900x512 (8 buttons, 20712 bytes)
  ok settings-panel@short-wide 900x512 (30 buttons, 36052 bytes)
  ok panel-chrome@short-wide 900x512 (2 buttons, 7358 bytes)
  ok github-workbench@short-wide 900x512 (5 buttons, 13290 bytes)
  ok github-projects@short-wide 900x512 (5 buttons, 13582 bytes)
  ok workbench-shell@phone-portrait 390x900 (39 buttons, 61485 bytes)
  ok editor-scroll@phone-portrait 390x900 (0 buttons, 2994 bytes)
  ok launchpad@phone-portrait 390x900 (3 buttons, 16500 bytes)
  ok file-explorer@phone-portrait 390x900 (20 buttons, 42505 bytes)
  ok account-panel@phone-portrait 390x900 (8 buttons, 20716 bytes)
  ok settings-panel@phone-portrait 390x900 (30 buttons, 36056 bytes)
  ok panel-chrome@phone-portrait 390x900 (2 buttons, 7362 bytes)
  ok github-workbench@phone-portrait 390x900 (5 buttons, 13294 bytes)
  ok github-projects@phone-portrait 390x900 (5 buttons, 13586 bytes)

> nexus-code@1.0.0 test:security
> node ./scripts/security-attack-regression.mjs

[security-attack-regression] navigation attacks and disk-backed Nexus token persistence rejected
