
> nexus-code@1.0.0 test:foundation:native
> node ./scripts/run-foundation-native.mjs


[Nexus Code] create window { dev: false, url: 'dist/index.html' }
[Nexus Code] window shown: did-finish-load
(electron) 'console-message' arguments are deprecated and will be removed. Please use Event<WebContentsConsoleMessageEventParams> object instead.
[Nexus Code] renderer console 2 sandbox_bundle:2: %cElectron Security Warning (Insecure Content-Security-Policy) font-weight: bold; This renderer process has either no Content Security
  Policy set or a policy with "unsafe-eval" enabled. This exposes users of
  this app to unnecessary security risks.

For more information and help, consult
https://electronjs.org/docs/tutorial/security.
This warning will not show up
once the app is packaged.
[foundation-native] ok production-account-gate-and-real-capabilities
FS Read Error: Error: Bitte zuerst einen Workspace-Ordner auswaehlen.
    at assertWorkspaceReady (F:\Coding\Nexus Workspace\Nexus-Ecosystem\Nexus Code\electron\main.cjs:140:11)
    at resolveWorkspacePath (F:\Coding\Nexus Workspace\Nexus-Ecosystem\Nexus Code\electron\main.cjs:146:3)
    at F:\Coding\Nexus Workspace\Nexus-Ecosystem\Nexus Code\electron\main.cjs:653:28
    at Session.<anonymous> (node:electron/js2c/browser_init:2:118587)
    at Session.emit (node:events:509:28)
Error occurred in handler for 'fs:read-file': Error: Bitte zuerst einen Workspace-Ordner auswaehlen.
    at assertWorkspaceReady (F:\Coding\Nexus Workspace\Nexus-Ecosystem\Nexus Code\electron\main.cjs:140:11)
    at resolveWorkspacePath (F:\Coding\Nexus Workspace\Nexus-Ecosystem\Nexus Code\electron\main.cjs:146:3)
    at F:\Coding\Nexus Workspace\Nexus-Ecosystem\Nexus Code\electron\main.cjs:653:28
    at Session.<anonymous> (node:electron/js2c/browser_init:2:118587)
    at Session.emit (node:events:509:28)
[foundation-native] ok denial-normalizes-before-root-registration
[foundation-native] ok root-selection-bytes-directory-and-acknowledgment
FS Write Error: Error: Path outside selected workspace.
    at resolveWorkspacePath (F:\Coding\Nexus Workspace\Nexus-Ecosystem\Nexus Code\electron\main.cjs:162:11)
    at async resolveWritableWorkspacePath (F:\Coding\Nexus Workspace\Nexus-Ecosystem\Nexus Code\electron\main.cjs:193:18)
    at async F:\Coding\Nexus Workspace\Nexus-Ecosystem\Nexus Code\electron\main.cjs:676:22
    at async Session.<anonymous> (node:electron/js2c/browser_init:2:118571)
Error occurred in handler for 'fs:write-file': Error: Path outside selected workspace.
    at resolveWorkspacePath (F:\Coding\Nexus Workspace\Nexus-Ecosystem\Nexus Code\electron\main.cjs:162:11)
    at async resolveWritableWorkspacePath (F:\Coding\Nexus Workspace\Nexus-Ecosystem\Nexus Code\electron\main.cjs:193:18)
    at async F:\Coding\Nexus Workspace\Nexus-Ecosystem\Nexus Code\electron\main.cjs:676:22
    at async Session.<anonymous> (node:electron/js2c/browser_init:2:118571)
FS Mkdir Error: Error: Protected workspace metadata cannot be modified.
    at assertNotProtectedWorkspacePath (F:\Coding\Nexus Workspace\Nexus-Ecosystem\Nexus Code\electron\main.cjs:209:11)
    at F:\Coding\Nexus Workspace\Nexus-Ecosystem\Nexus Code\electron\main.cjs:689:5
    at async Session.<anonymous> (node:electron/js2c/browser_init:2:118571)
Error occurred in handler for 'fs:mkdir': Error: Protected workspace metadata cannot be modified.
    at assertNotProtectedWorkspacePath (F:\Coding\Nexus Workspace\Nexus-Ecosystem\Nexus Code\electron\main.cjs:209:11)
    at F:\Coding\Nexus Workspace\Nexus-Ecosystem\Nexus Code\electron\main.cjs:689:5
    at async Session.<anonymous> (node:electron/js2c/browser_init:2:118571)
FS Read Error: Error: Path outside selected workspace.
    at resolveWorkspacePath (F:\Coding\Nexus Workspace\Nexus-Ecosystem\Nexus Code\electron\main.cjs:162:11)
    at async F:\Coding\Nexus Workspace\Nexus-Ecosystem\Nexus Code\electron\main.cjs:653:22
    at async Session.<anonymous> (node:electron/js2c/browser_init:2:118571)
Error occurred in handler for 'fs:read-file': Error: Path outside selected workspace.
    at resolveWorkspacePath (F:\Coding\Nexus Workspace\Nexus-Ecosystem\Nexus Code\electron\main.cjs:162:11)
    at async F:\Coding\Nexus Workspace\Nexus-Ecosystem\Nexus Code\electron\main.cjs:653:22
    at async Session.<anonymous> (node:electron/js2c/browser_init:2:118571)
[foundation-native] ok protected-traversal-and-symlink-denials-stay-enforced
[foundation-native] ok rename-delete-and-directory-shapes-use-native-disk
[foundation-native] ok window-query-and-offline-service-envelopes
[foundation-native] ok real-runner-through-adapter-subscriptions-with-spaced-path
[205964:1001/102024.969:ERROR:gpu\ipc\client\command_buffer_proxy_impl.cc:488] GPU state invalid after WaitForGetOffsetInRange.
[205964:1001/102024.969:ERROR:gpu\ipc\client\command_buffer_proxy_impl.cc:488] GPU state invalid after WaitForGetOffsetInRange.
[foundation-native] result F:\Coding\Nexus Workspace\Nexus-Ecosystem\.test-artifacts\nexus-code\foundation-native\run-mOXm5u\summary.json
