
> nexus-code@1.0.0 typecheck:foundation
> tsc -p ./tsconfig.foundation.json


> nexus-code@1.0.0 test:foundation
> node --test src/platform/*.test.mjs src/workbench/commands/*.test.mjs src/settings/*.test.mjs

✔ browser/missing and partial bridges expose truthful capabilities (2.8876ms)
✔ workspace adapter preserves arguments, picker cancellation, bytes and receiver (0.4782ms)
✔ throws, denied/oversize failures and malformed successes normalize once without leaking details (1.0243ms)
✔ native envelopes stay distinct from fire-and-forget runner dispatch (0.8645ms)
✔ subscriptions filter invalid payloads and dispose once, ignoring late events (0.8132ms)
✔ renderer selection never treats a browser fixture object as production Electron (0.3644ms)
✔ false or missing filesystem acknowledgments cannot clear a dirty save (0.6166ms)
✔ subscription teardown errors are safe results and still suppress late events (0.4896ms)
✔ GitHub device-flow compatibility accepts both existing string and options payloads (0.3983ms)
✔ technical codes use a fixed allowlist rather than exposing provider-controlled strings (0.423ms)
✔ stored keys/extension themes/future compatible keys survive schema round trips (2.4187ms)
✔ legacy numeric bounds/default merge and invalid-setting issues are explicit (0.5294ms)
✔ legacy shortcut validation/default handling survives while future command IDs persist (1.2369ms)
✔ registry aliases dispatch once and use current availability with safe errors (2.3797ms)
✔ palette/Spotlight metadata follows authority without changing legacy ranking identities (1.0726ms)
✔ actual palette and Spotlight models share availability and preserve aliases/labels (15.2818ms)
✔ handler and availability failures cannot escape structured command results (0.9511ms)
✔ sidebar toggle preserves legacy visibility/zen/draft-independent effects (1.579ms)
✔ terminal open/toggle respects current docking and settings command aliases (3.212ms)
✔ custom side-docked terminal uses the existing model without forcing rail visibility (0.878ms)
ℹ tests 20
ℹ suites 0
ℹ pass 20
ℹ fail 0
ℹ cancelled 0
ℹ skipped 0
ℹ todo 0
ℹ duration_ms 581.1159
