
> nexus-code@1.0.0 build
> npm run test:markup && tsc -b && vite build


> nexus-code@1.0.0 test:markup
> node --test src/testing/markupText.test.mjs

✔ extracts accessible text from trusted smoke markup (1.0508ms)
✔ ignores raw script and style contents including tolerant closing tags (0.1853ms)
ℹ tests 2
ℹ suites 0
ℹ pass 2
ℹ fail 0
ℹ cancelled 0
ℹ skipped 0
ℹ todo 0
ℹ duration_ms 131.3289
vite v8.2.2 building client environment for production...
transforming...
✓ 2576 modules transformed.
rendering chunks...
[plugin nexus-code-chunk-report] [chunk-report] 24 JS chunks; total 2.5 MB raw / 833 KB gzip; report dist/chunk-report.json
[plugin nexus-code-chunk-report] [chunk-report] #1 assets/cm-lang-cpp-B_81NfRR.js 435 KB raw / 140 KB gzip; 12 modules; codemirror-language
[plugin nexus-code-chunk-report] [chunk-report] #2 assets/Editor-dhSbc87N.js 403 KB raw / 105 KB gzip; 114 modules; dynamic-entry
[plugin nexus-code-chunk-report] [chunk-report] #3 assets/cm-lang-legacy-DGuP0e0O.js 371 KB raw / 130 KB gzip; 80 modules; codemirror-language
[plugin nexus-code-chunk-report] [chunk-report] #4 assets/react-9JyskIji.js 177 KB raw / 55 KB gzip; 6 modules; vendor
[plugin nexus-code-chunk-report] [chunk-report] #5 assets/index-wpwtHsyp.js 152 KB raw / 49 KB gzip; 59 modules; entry
[plugin nexus-code-chunk-report] [chunk-report] #6 assets/cm-lang-html-DWl1XY69.js 145 KB raw / 55 KB gzip; 5 modules; codemirror-language
[plugin nexus-code-chunk-report] [chunk-report] #7 assets/motion-CB1hFEsd.js 122 KB raw / 40 KB gzip; 267 modules; vendor
[plugin nexus-code-chunk-report] [chunk-report] #8 assets/SettingsPanel-DKJMrprG.js 116 KB raw / 28 KB gzip; 15 modules; dynamic-entry
[plugin nexus-code-chunk-report] [chunk-report] #9 assets/cm-lang-php-DbyQeQi4.js 96 KB raw / 28 KB gzip; 2 modules; codemirror-language
[plugin nexus-code-chunk-report] [chunk-report] #10 assets/editor-extension-core-D93bnysP.js 81 KB raw / 25 KB gzip; 7 modules; editor-internal
[plugin nexus-code-chunk-report] [chunk-report] #11 assets/editor-feature-core-CVqRISux.js 77 KB raw / 25 KB gzip; 18 modules; editor-internal
[plugin nexus-code-chunk-report] [chunk-report] #12 assets/cm-lang-rust-Dz6U6Prs.js 69 KB raw / 25 KB gzip; 2 modules; codemirror-language
[plugin nexus-code-chunk-report] [chunk-report] 1 chunk(s) crossed watch thresholds: assets/motion-CB1hFEsd.js (module-count)
computing gzip size...
dist/index.html                                   1.52 kB │ gzip:   0.54 kB
dist/chunk-report.json                           19.59 kB │ gzip:   1.63 kB
dist/assets/index-w2HqgSe3.css                  193.51 kB │ gzip:  31.08 kB
dist/assets/rolldown-runtime-B0Z9INg1.js          0.90 kB │ gzip:   0.51 kB
dist/assets/cm-lang-json-Bt6ipAKH.js              2.05 kB │ gzip:   1.31 kB
dist/assets/cm-lang-xml-UkId8tyb.js              14.41 kB │ gzip:   5.84 kB
dist/assets/cm-lang-sql-DzKJkWAw.js              15.98 kB │ gzip:   7.04 kB
dist/assets/codemirror-react-DqcYAmvP.js         18.21 kB │ gzip:   6.91 kB
dist/assets/editor-workbench-core-CRKa1kxC.js    25.28 kB │ gzip:   7.78 kB
dist/assets/cm-lang-css-Cxjc74j3.js              26.80 kB │ gzip:  12.70 kB
dist/assets/cm-lang-java-DXrVYcsi.js             40.28 kB │ gzip:  16.79 kB
dist/assets/cm-lang-md-kzzMVp4w.js               44.10 kB │ gzip:  15.24 kB
dist/assets/cm-lang-python-BHsdPMn7.js           44.70 kB │ gzip:  19.39 kB
dist/assets/editor-search-git-core-DoKMuGg9.js   57.01 kB │ gzip:  18.69 kB
dist/assets/codemirror-core-BHxbDUFw.js          57.12 kB │ gzip:  18.83 kB
dist/assets/cm-lang-rust-Dz6U6Prs.js             70.84 kB │ gzip:  26.13 kB
dist/assets/editor-feature-core-CVqRISux.js      78.90 kB │ gzip:  25.58 kB
dist/assets/editor-extension-core-D93bnysP.js    83.44 kB │ gzip:  25.71 kB
dist/assets/cm-lang-php-DbyQeQi4.js              98.20 kB │ gzip:  28.81 kB
dist/assets/SettingsPanel-DKJMrprG.js           118.65 kB │ gzip:  28.74 kB
dist/assets/motion-CB1hFEsd.js                  125.36 kB │ gzip:  40.84 kB
dist/assets/cm-lang-html-DWl1XY69.js            148.04 kB │ gzip:  56.98 kB
dist/assets/index-wpwtHsyp.js                   156.25 kB │ gzip:  50.97 kB
dist/assets/react-9JyskIji.js                   181.75 kB │ gzip:  57.16 kB
dist/assets/cm-lang-legacy-DGuP0e0O.js          379.88 kB │ gzip: 134.29 kB
dist/assets/Editor-dhSbc87N.js                  414.41 kB │ gzip: 108.80 kB
dist/assets/cm-lang-cpp-B_81NfRR.js             445.75 kB │ gzip: 145.33 kB

✓ built in 19.30s
