
> nexus-ecosystem@1.0.0 verify:ecosystem
> node ./tools/verify-ecosystem.mjs

[PASS] api-source-hosted: API Source ist hosted-mode
       -> mode=hosted
[PASS] api-client-dir: Lokales API Client Package vorhanden
       -> F:\Coding\Nexus Workspace\Nexus-Code-v2-audit\packages\nexus-core\src\api
[PASS] api-control-url-configured: Control API URL ist gesetzt
       -> https://nexus-api.cloud
[PASS] release-evidence-script: Release Evidence Generator ist als npm Script verdrahtet
       -> node ./tools/prepare-release-evidence.mjs
[PASS] control-desktop-package-lock: Control Desktop package-lock passt zum Root Package
       -> ..\NexusAPI\Nexus Control Desktop
[PASS] control-desktop-pack-scripts: Control Desktop hat reproduzierbare UI-Build, Pack- und Installer-Scripts
       -> {"start":"electron .","dev":"electron .","check":"node --check src/main.cjs && node --check src/preload.cjs && node --check src/config.cjs","build:ui":"npm --prefix \"../Nexus Control\" run build","build":"npm run build:ui && electron-builder --dir","pack":"npm run build:ui && electron-builder --dir","dist:win":"npm run build:ui && electron-builder --win nsis","dist:linux":"npm run build:ui && electron-builder --linux AppImage deb","dist:mac":"npm run build:ui && electron-builder --mac dmg"}
[PASS] control-desktop-builder-config: Control Desktop electron-builder Config paketiert die gebaute Control UI
       -> ..\NexusAPI\Nexus Control Desktop
[PASS] control-desktop-electron-deps: Control Desktop pinnt Electron und electron-builder im Package
       -> {"electron":"^42.9.0","electron-builder":"^26.16.1"}
[PASS] control-desktop-preload-no-node-bridges: Control Desktop Preload stellt keine Node-, IPC- oder Prozess-Bridges bereit
       -> ..\NexusAPI\Nexus Control Desktop\src\preload.cjs
[PASS] release-evidence-readme: Release Evidence README beschreibt Log, Smokes und Secret-Regeln
       -> docs\release-evidence\README.md
[PASS] release-evidence-generator-contract: Release Evidence Generator erstellt Version, Logs und Screenshot-Ordner
       -> tools\prepare-release-evidence.mjs
[PASS] main-app-uses-runtime: Nexus Main nutzt NexusRuntime
       -> Nexus Main\src\App.tsx
[PASS] mobile-app-uses-runtime: Nexus Mobile nutzt NexusRuntime
       -> Nexus Mobile\src\App.tsx
[PASS] code-app-uses-runtime: Nexus Code nutzt NexusRuntime
       -> Nexus Code\src\app\useNexusCodeBoot.js
[PASS] code-mobile-app-uses-runtime: Nexus Code Mobile nutzt NexusRuntime
       -> Nexus Code Mobile\src\App.jsx
[PASS] main-view-validation: Nexus Main validiert Views gegen API
       -> Nexus Main\src\App.tsx
[PASS] main-auth-effective-payment-tier: Nexus Main priorisiert den serverautoritativen Payment-Tier aus dem Auth-Contract
       -> Nexus Main\src\App.tsx
[PASS] mobile-view-validation: Nexus Mobile validiert Views gegen API
       -> Nexus Mobile\src\App.tsx
[PASS] code-view-validation: Nexus Code validiert editor-View
       -> Nexus Code\src\app\useNexusCodeBoot.js
[PASS] code-mobile-view-validation: Nexus Code Mobile validiert editor-View
       -> Nexus Code Mobile\src\App.jsx
[PASS] nexus-api-view-client: nexus-api Client hat View-Validation-Client
       -> packages\nexus-core\src\api\control\client.ts
[PASS] nexus-api-live-sync-client: nexus-api Client bietet v2 Live-Sync API
       -> packages\nexus-core\src\api\control\client.ts
[PASS] nexus-runtime-live-sync: Nexus Runtime integriert Live-Sync Hooks
       -> packages\nexus-core\src\api\runtime.ts
[PASS] shared-core-live-sync: Shared Core hat zentrale Live-Sync View-Orchestrierung
       -> packages\nexus-core\src\liveSync.ts
[PASS] main-live-sync-consumer: Nexus Main nutzt Live-Sync Catalog/Layout Runtime
       -> Nexus Main\src\App.tsx
[PASS] mobile-live-sync-consumer: Nexus Mobile nutzt Live-Sync Catalog/Layout Runtime
       -> Nexus Mobile\src\App.tsx
[PASS] hosted-alias-main: Nexus Main Alias zeigt auf internes API Package
       -> Nexus Main\vite.config.ts
[PASS] hosted-alias-mobile: Nexus Mobile Alias zeigt auf internes API Package
       -> Nexus Mobile\vite.config.ts
[PASS] hosted-alias-code: Nexus Code Alias zeigt auf internes API Package
       -> Nexus Code\vite.config.js
[PASS] hosted-alias-code-mobile: Nexus Code Mobile Alias zeigt auf internes API Package
       -> Nexus Code Mobile\vite.config.js
[PASS] installer-workflow-main-linux-appimage: Installer-Workflow baut Nexus Main Linux AppImage
       -> .github\workflows\build-installers.yml
[PASS] installer-workflow-code-linux-appimage: Installer-Workflow baut Nexus Code Linux AppImage
       -> .github\workflows\build-installers.yml
[PASS] installer-workflow-uploads-linux-artifacts: Installer-Workflow laedt Linux AppImage/deb Artefakte hoch
       -> .github\workflows\build-installers.yml
[PASS] installer-workflow-signing-gate: Installer-Workflow prueft Signing-Secrets vor Public Release Builds
       -> .github\workflows\build-installers.yml
[PASS] installer-workflow-checksums: Installer-Workflow erzeugt SHA256SUMS fuer Download-Artefakte
       -> .github\workflows\build-installers.yml
[PASS] mac-pack-notarization: macOS Pack-Script kann DMGs notarizen und staplen
       -> tools\electron-pack-mac.mjs
[PASS] signing-env-verifier: Signing-Env-Verifier deckt macOS, Windows und Android Secrets ab
       -> tools\verify-signing-env.mjs
[PASS] wiki-signing-runbook-entry: Nexus Wiki enthaelt Signing/Notarization Runbook
       -> Nexus Wiki\src\data\wikiEntriesPrimary.ts
[PASS] code-electron-secure-webprefs: Nexus Code Electron Window nutzt sichere WebPreferences
       -> Nexus Code\electron\main.cjs
[PASS] code-electron-workspace-fs-sandbox: Nexus Code begrenzt Datei-IPC auf ausgewaehlte Workspace Roots
       -> Nexus Code\electron\main.cjs
[PASS] code-electron-terminal-sandbox: Nexus Code Terminal-IPC hat Workspace-CWD, Session-Limit und Blocklist
       -> Nexus Code\electron\main.cjs
[PASS] code-electron-navigation-guards: Nexus Code blockt Permissions, Webviews und unsichere Navigation
       -> Nexus Code\electron\main.cjs
[PASS] code-electron-preload-validation: Nexus Code Preload validiert Pfade, Payloads und Terminal Channels
       -> Nexus Code\electron\preload.cjs
[PASS] main-devtools-release-health-dashboard: Nexus Main DevTools hat Release Health Dashboard
       -> Nexus Main\src\views\devtools\ReleaseHealthDashboard.tsx
[PASS] main-devtools-release-health-tab: DevTools verlinkt Release Health Tab
       -> Nexus Main\src\views\DevToolsView.tsx
[PASS] main-devtools-support-diagnostics-export: DevTools exportiert redigierte Support-Diagnostics ohne Secrets
       -> Nexus Main\src\views\devtools\ReleaseHealthDashboard.tsx
[PASS] main-guided-onboarding-checklist: Nexus Main hat gefuehrtes First-Start-Onboarding mit Setup-Checkliste
       -> Nexus Main\src\components\WelcomeWalkthrough.tsx
[PASS] main-runtime-channel-config: Nexus Main hat Stable/Canary/Dev Runtime Channel Konfiguration
       -> Nexus Main\src\app\mainAppConfig.ts
[PASS] main-runtime-url-policy: Nexus Main Runtime URLs nutzen die gemeinsame Control-API-Policy inkl. Legacy Env
       -> Nexus Main\src\app\mainAppConfig.ts
[PASS] mobile-runtime-url-policy: Nexus Mobile Runtime URLs nutzen die gemeinsame Control-API-Policy inkl. Legacy Env
       -> Nexus Mobile\src\app\mobileAppConfig.ts
[PASS] dev-all-no-open-cross-platform: dev:all:no-open nutzt ein Windows-portables CLI-Flag statt Shell-Env-Zuweisung
       -> package.json
[PASS] dev-ecosystem-no-open-flag: Dev-Ecosystem Script unterstuetzt --no-open und Env-Fallback
       -> tools\dev-ecosystem.mjs
[PASS] main-runtime-channel-bootstrap: Nexus Main Bootflow nutzt sichtbaren Runtime Channel fuer Live Sync und API Bootstrap
       -> Nexus Main\src\App.tsx
[PASS] main-template-pack-catalog: Nexus Main hat zentralen Template Pack Katalog
       -> Nexus Main\src\app\nexusTemplatePacks.ts
[PASS] main-infoview-template-packs: InfoView zeigt kopierbare Template Packs
       -> Nexus Main\src\views\InfoView.tsx
[PASS] main-workspace-backup-core: Nexus Main hat versionierte Workspace Backup/Restore Core-Logik
       -> Nexus Main\src\app\workspaceBackup.ts
[PASS] main-settings-backup-restore-ui: Settings zeigt Import Preview und delegiert Restore an den Workspace-Koordinator
       -> Nexus Main\src\views\settings\SettingsBackupRestorePanel.tsx
[PASS] main-workspace-restore-safety-backup: Workspace-Koordinator erstellt Safety Backup und Recovery Journal vor der Anwendung
       -> Nexus Main\src\app\workspaceRestore.ts
[PASS] main-devtools-feature-flag-control-core: Nexus Main hat lokale Control Feature-Flag Draft-, Validierungs- und Rollout-Logik
       -> Nexus Main\src\app\controlFeatureFlags.ts
[PASS] main-devtools-feature-flag-control-ui: Feature Flags Dev-View zeigt Editor mit Validation, Rollout und Audit
       -> Nexus Main\src\views\devtools\FeatureFlagControlPanel.tsx
[PASS] main-devtools-feature-flag-dev-only-registry: Feature Flags sind als eigene Dev-only View registriert
       -> Nexus Main\src\app\mainViewRegistry.ts
[PASS] main-notes-editor-qol: Notes schuetzt Editor-Zeilenumbrueche, Toolbar-Selection und Markdown-only Details
       -> Nexus Main\src\views\NotesView.tsx
[PASS] main-notes-mobile-library-drawer: Notes nutzt auf kleinen Breiten einen tastaturbedienbaren Library-Drawer
       -> Nexus Main\src\views\NotesView.tsx
[PASS] main-notes-phone-title-grid: Notes reserviert auf Phone-Breiten eine eigene Zeile und Mindestbreite fuer den editierbaren Titel
       -> Nexus Main\src\views\notes\NotesViewPolish.css
[PASS] main-canvas-responsive-toolbar-overflow: Canvas priorisiert Kernaktionen und haelt den vollstaendigen Werkzeugkatalog im Overflow erreichbar
       -> Nexus Main\src\views\canvas\components\CanvasTopBar.tsx
[PASS] main-header-only-wired-actions: Globaler Header zeigt nur verdrahtete Commands und bietet ein zugaengliches Responsive-Overflow
       -> Nexus Main\src\app\NexusV6ViewShell.tsx
[PASS] main-magic-details-renderer: Notes rendert nexus-details ohne rohes HTML im Editor
       -> Nexus Main\src\views\notes\NotesMagicRenderers.tsx
[PASS] main-interactive-buttons-default-type: Interaktive Action Buttons defaulten auf type=button
       -> Nexus Main\src\components\render\InteractiveActionButton.tsx
[PASS] main-interactive-icon-buttons-default-type: Interaktive Icon Buttons defaulten auf type=button
       -> Nexus Main\src\components\render\InteractiveIconButton.tsx
[PASS] control-desktop-main-security: Control Desktop BrowserWindow nutzt sichere WebPreferences
       -> ..\NexusAPI\Nexus Control Desktop\src\main.cjs
[PASS] control-desktop-navigation-guards: Control Desktop blockt Navigation, Popups und Permissions ausserhalb erlaubter Origins
       -> ..\NexusAPI\Nexus Control Desktop\src\main.cjs
[PASS] control-desktop-preload-contract: Control Desktop Preload exposed nur einen kleinen Desktop-Marker
       -> ..\NexusAPI\Nexus Control Desktop\src\preload.cjs
[PASS] control-ui-paywall-tab: Control UI hat Paywalls-Tab
       -> ..\NexusAPI\Nexus Control\src\layout\workspace\nav-tabs.js
[PASS] control-ui-livesync-tab: Control UI hat Live-Sync-Tab
       -> ..\NexusAPI\Nexus Control\src\layout\workspace\nav-tabs.js
[PASS] control-ui-scripts-tab: Control UI hat Scripts-Tab
       -> ..\NexusAPI\Nexus Control\src\layout\workspace\nav-tabs.js
[PASS] control-ui-paywall-save: Control UI kann Paywalls laden/speichern
       -> ..\NexusAPI\Nexus Control\src\control\events\management-events.js
[PASS] control-ui-v2-actions: Control UI kann v2 Catalog/Schema/Promotion steuern
       -> ..\NexusAPI\Nexus Control\src\control\workspace\v2-actions.js
[PASS] main-electron-build-scripts: Nexus Main hat Host-Build und expliziten All-Platform-Installer-Build
       -> npm run electron:build:host | npm run electron:build:installers | node ../tools/electron-pack-linux.mjs -- electron-builder --linux AppImage deb
[PASS] main-product-v6: Nexus Main Installer-Produktname ist v6
       -> Nexus v6
[PASS] main-installer-targets: Nexus Main baut Windows, macOS und Linux AppImage Targets
       -> win=true mac=true linuxAppImage=true
[PASS] main-installer-artifact-names: Nexus Main Artefakte sind v6-/Main-benannt und nicht mehr v5
       -> Nexus_Main_${version}_${arch}.AppImage | Nexus_Main_${version}_${arch}.dmg | Nexus_Main_User_Setup_${version}.exe
[PASS] main-linux-icon-set: Nexus Main hat PNG-Icons fuer Linux/AppImage
       -> icons/{16,32,48,64,128,256,512}x*.png
[PASS] main-mac-signing-config: Nexus Main macOS Build nutzt Hardened Runtime und Entitlements
       -> {"hardenedRuntime":true,"entitlements":"build/entitlements.mac.plist"}
[PASS] code-electron-build-scripts: Nexus Code hat Host-Build und expliziten All-Platform-Installer-Build
       -> npm run electron:build:host | npm run electron:build:installers | node ../tools/electron-pack-linux.mjs -- electron-builder --linux AppImage deb
[PASS] code-installer-targets: Nexus Code baut Windows, macOS und Linux AppImage Targets
       -> win=true mac=true linuxAppImage=true
[PASS] code-installer-artifact-names: Nexus Code Artefakte sind versionierte Download-Dateien
       -> Nexus_Code_${version}_${arch}.AppImage | Nexus_Code_${version}_${arch}.dmg | Nexus_Code_User_Setup_${version}.exe
[PASS] code-linux-icon-set: Nexus Code hat PNG-Icons fuer Linux/AppImage
       -> assets/icons/{16,32,48,64,128,256,512}x*.png
[PASS] code-mac-signing-config: Nexus Code macOS Build nutzt Hardened Runtime und Entitlements
       -> {"hardenedRuntime":true,"entitlements":"build/entitlements.mac.plist"}
[PASS] no-private-api-references: Keine privaten API-Pfadreferenzen im Ecosystem-Code
       -> ok

Ergebnis: 89/89 Checks erfolgreich.
