
> nexus-code@1.0.0 smoke:ide-core
> node ./scripts/run-ide-core-smoke.mjs

[ide-core-smoke] 52 Nexus Code IDE-core scenarios passed.
  ok file-tree-sort-order (2ms)
  ok file-tree-entry-normalization (0ms)
  ok file-tree-refresh-merge (0ms)
  ok file-tree-open-search-paths (1ms)
  ok file-tree-token-search-and-parent-cycle-guards (0ms)
  ok file-tree-limits (1ms)
  ok file-tree-empty-error-display (1ms)
  ok file-tree-extension-guards (0ms)
  ok file-tree-items-and-virtual-window (1ms)
  ok workbench-layout-corrupt-data-normalization (1ms)
  ok workbench-layout-duplicate-panel-dedupe (1ms)
  ok workbench-layout-empty-buckets-and-snap-aliases (1ms)
  ok workbench-layout-aliases-and-compact-fallbacks (0ms)
  ok workbench-layout-hostile-bucket-normalization (1ms)
  ok workbench-layout-size-presets-and-reset-helpers (2ms)
  ok workbench-layout-responsive-size-clamps (0ms)
  ok workbench-move-panel-to-zone (1ms)
  ok workbench-layout-drop-preview (0ms)
  ok workbench-visible-panel-fallback (3ms)
  ok workbench-panel-focus-helpers (3ms)
  ok extension-runtime-snapshot-contributions (6ms)
  ok extension-theme-install-enable-disable-contributions (3ms)
  ok settings-theme-options-extension-fallback (2ms)
  ok extension-lifecycle-and-category-filters (0ms)
  ok extension-command-contributions-route-to-palette-model (6ms)
  ok github-workbench-model-fallbacks (2ms)
  ok extension-manifest-normalization-and-host-summary (1ms)
  ok github-service-issues-projects-contracts (6ms)
  ok account-session-start-contract (1ms)
  ok nexus-code-login-payload-contract (0ms)
  ok command-palette-fuzzy-search-ranking (18ms)
  ok spotlight-file-fuzzy-dedupe (2ms)
  ok spotlight-symbol-results-open-files (5ms)
  ok spotlight-project-text-result-ranking (1ms)
  ok spotlight-workspace-search-recursive-fallback (4ms)
  ok editor-symbol-extraction-active-scope (1ms)
  ok editor-completion-helper-routing (15ms)
  ok editor-feature-model-module-boundaries (2ms)
  ok codemirror-language-support-routing (3118ms)
  ok editor-hover-markup-normalization (0ms)
  ok editor-status-and-lsp-feature-contracts (2ms)
  ok lsp-server-status-contracts (1ms)
  ok settings-keybinding-model-contracts (1ms)
  ok lsp-settings-setup-model-contracts (1ms)
  ok lsp-server-registry-expanded-languages (0ms)
  ok lsp-server-capabilities-map-runtime-features (0ms)
  ok lsp-feature-contracts-respect-runtime-capabilities (1ms)
  ok lsp-text-edit-and-workspace-edit-contracts (0ms)
  ok lsp-service-diagnostics-sync-contract (0ms)
  ok lsp-service-pull-diagnostics-preserve-unchanged (1ms)
  ok lsp-client-noop-feature-contracts (0ms)
  ok editor-engine-lsp-fallback-contracts (1ms)
