
[Nexus Code] create window { dev: false, url: 'dist/index.html' }
[Nexus Code] window shown: did-finish-load
(electron) 'console-message' arguments are deprecated and will be removed. Please use Event<WebContentsConsoleMessageEventParams> object instead.
[Nexus Code] renderer console 2 sandbox_bundle:2: %cElectron Security Warning (Insecure Content-Security-Policy) font-weight: bold; This renderer process has either no Content Security
  Policy set or a policy with "unsafe-eval" enabled. This exposes users of
  this app to unnecessary security risks.

For more information and help, consult
https://electronjs.org/docs/tutorial/security.
This warning will not show up
once the app is packaged.
[native-baseline] ok production-account-gate-no-workbench
FS Read Error: Error: Bitte zuerst einen Workspace-Ordner auswaehlen.
    at assertWorkspaceReady (F:\Coding\Nexus Workspace\Nexus-Code-v2-audit\Nexus Code\electron\main.cjs:140:11)
    at resolveWorkspacePath (F:\Coding\Nexus Workspace\Nexus-Code-v2-audit\Nexus Code\electron\main.cjs:146:3)
    at F:\Coding\Nexus Workspace\Nexus-Code-v2-audit\Nexus Code\electron\main.cjs:651:28
    at Session.<anonymous> (node:electron/js2c/browser_init:2:118587)
    at Session.emit (node:events:509:28)
Error occurred in handler for 'fs:read-file': Error: Bitte zuerst einen Workspace-Ordner auswaehlen.
    at assertWorkspaceReady (F:\Coding\Nexus Workspace\Nexus-Code-v2-audit\Nexus Code\electron\main.cjs:140:11)
    at resolveWorkspacePath (F:\Coding\Nexus Workspace\Nexus-Code-v2-audit\Nexus Code\electron\main.cjs:146:3)
    at F:\Coding\Nexus Workspace\Nexus-Code-v2-audit\Nexus Code\electron\main.cjs:651:28
    at Session.<anonymous> (node:electron/js2c/browser_init:2:118587)
    at Session.emit (node:events:509:28)
[native-baseline] ok filesystem-denied-before-workspace-selection
[native-baseline] ok workspace-selection-registers-canonical-root
[native-baseline] ok acknowledged-write-preserves-empty-unicode-and-line-endings
FS Read Error: Error: Path outside selected workspace.
    at resolveWorkspacePath (F:\Coding\Nexus Workspace\Nexus-Code-v2-audit\Nexus Code\electron\main.cjs:162:11)
    at async F:\Coding\Nexus Workspace\Nexus-Code-v2-audit\Nexus Code\electron\main.cjs:651:22
    at async Session.<anonymous> (node:electron/js2c/browser_init:2:118571)
Error occurred in handler for 'fs:read-file': Error: Path outside selected workspace.
    at resolveWorkspacePath (F:\Coding\Nexus Workspace\Nexus-Code-v2-audit\Nexus Code\electron\main.cjs:162:11)
    at async F:\Coding\Nexus Workspace\Nexus-Code-v2-audit\Nexus Code\electron\main.cjs:651:22
    at async Session.<anonymous> (node:electron/js2c/browser_init:2:118571)
FS Mkdir Error: Error: Protected workspace metadata cannot be modified.
    at assertNotProtectedWorkspacePath (F:\Coding\Nexus Workspace\Nexus-Code-v2-audit\Nexus Code\electron\main.cjs:209:11)
    at F:\Coding\Nexus Workspace\Nexus-Code-v2-audit\Nexus Code\electron\main.cjs:687:5
    at async Session.<anonymous> (node:electron/js2c/browser_init:2:118571)
Error occurred in handler for 'fs:mkdir': Error: Protected workspace metadata cannot be modified.
    at assertNotProtectedWorkspacePath (F:\Coding\Nexus Workspace\Nexus-Code-v2-audit\Nexus Code\electron\main.cjs:209:11)
    at F:\Coding\Nexus Workspace\Nexus-Code-v2-audit\Nexus Code\electron\main.cjs:687:5
    at async Session.<anonymous> (node:electron/js2c/browser_init:2:118571)
[Error: Error invoking remote method 'fs:mkdir': Error: Protected workspace metadata cannot be modified.]
