
[Nexus Code] create window { dev: false, url: 'dist/index.html' }
[Nexus Code] window shown: did-finish-load
(electron) 'console-message' arguments are deprecated and will be removed. Please use Event<WebContentsConsoleMessageEventParams> object instead.
[Nexus Code] renderer console 2 sandbox_bundle:2: %cElectron Security Warning (Insecure Content-Security-Policy) font-weight: bold; This renderer process has either no Content Security
  Policy set or a policy with "unsafe-eval" enabled. This exposes users of
  this app to unnecessary security risks.

For more information and help, consult
https://electronjs.org/docs/tutorial/security.
This warning will not show up
once the app is packaged.
[native-baseline] ok production-account-gate-no-workbench
FS Read Error: Error: Bitte zuerst einen Workspace-Ordner auswaehlen.
    at assertWorkspaceReady (F:\Coding\Nexus Workspace\Nexus-Code-v2-audit\Nexus Code\electron\main.cjs:140:11)
    at resolveWorkspacePath (F:\Coding\Nexus Workspace\Nexus-Code-v2-audit\Nexus Code\electron\main.cjs:146:3)
    at F:\Coding\Nexus Workspace\Nexus-Code-v2-audit\Nexus Code\electron\main.cjs:651:28
    at Session.<anonymous> (node:electron/js2c/browser_init:2:118587)
    at Session.emit (node:events:509:28)
Error occurred in handler for 'fs:read-file': Error: Bitte zuerst einen Workspace-Ordner auswaehlen.
    at assertWorkspaceReady (F:\Coding\Nexus Workspace\Nexus-Code-v2-audit\Nexus Code\electron\main.cjs:140:11)
    at resolveWorkspacePath (F:\Coding\Nexus Workspace\Nexus-Code-v2-audit\Nexus Code\electron\main.cjs:146:3)
    at F:\Coding\Nexus Workspace\Nexus-Code-v2-audit\Nexus Code\electron\main.cjs:651:28
    at Session.<anonymous> (node:electron/js2c/browser_init:2:118587)
    at Session.emit (node:events:509:28)
[native-baseline] ok filesystem-denied-before-workspace-selection
[native-baseline] ok workspace-selection-registers-canonical-root
[native-baseline] ok acknowledged-write-preserves-empty-unicode-and-line-endings
FS Read Error: Error: Path outside selected workspace.
    at resolveWorkspacePath (F:\Coding\Nexus Workspace\Nexus-Code-v2-audit\Nexus Code\electron\main.cjs:162:11)
    at async F:\Coding\Nexus Workspace\Nexus-Code-v2-audit\Nexus Code\electron\main.cjs:651:22
    at async Session.<anonymous> (node:electron/js2c/browser_init:2:118571)
Error occurred in handler for 'fs:read-file': Error: Path outside selected workspace.
    at resolveWorkspacePath (F:\Coding\Nexus Workspace\Nexus-Code-v2-audit\Nexus Code\electron\main.cjs:162:11)
    at async F:\Coding\Nexus Workspace\Nexus-Code-v2-audit\Nexus Code\electron\main.cjs:651:22
    at async Session.<anonymous> (node:electron/js2c/browser_init:2:118571)
FS Mkdir Error: Error: Protected workspace metadata cannot be modified.
    at assertNotProtectedWorkspacePath (F:\Coding\Nexus Workspace\Nexus-Code-v2-audit\Nexus Code\electron\main.cjs:209:11)
    at F:\Coding\Nexus Workspace\Nexus-Code-v2-audit\Nexus Code\electron\main.cjs:687:5
    at async Session.<anonymous> (node:electron/js2c/browser_init:2:118571)
Error occurred in handler for 'fs:mkdir': Error: Protected workspace metadata cannot be modified.
    at assertNotProtectedWorkspacePath (F:\Coding\Nexus Workspace\Nexus-Code-v2-audit\Nexus Code\electron\main.cjs:209:11)
    at F:\Coding\Nexus Workspace\Nexus-Code-v2-audit\Nexus Code\electron\main.cjs:687:5
    at async Session.<anonymous> (node:electron/js2c/browser_init:2:118571)
FS Write Error: Error: Protected workspace metadata cannot be modified.
    at assertNotProtectedWorkspacePath (F:\Coding\Nexus Workspace\Nexus-Code-v2-audit\Nexus Code\electron\main.cjs:209:11)
    at F:\Coding\Nexus Workspace\Nexus-Code-v2-audit\Nexus Code\electron\main.cjs:675:5
    at async Session.<anonymous> (node:electron/js2c/browser_init:2:118571)
Error occurred in handler for 'fs:write-file': Error: Protected workspace metadata cannot be modified.
    at assertNotProtectedWorkspacePath (F:\Coding\Nexus Workspace\Nexus-Code-v2-audit\Nexus Code\electron\main.cjs:209:11)
    at F:\Coding\Nexus Workspace\Nexus-Code-v2-audit\Nexus Code\electron\main.cjs:675:5
    at async Session.<anonymous> (node:electron/js2c/browser_init:2:118571)
FS Write Error: Error: Path outside selected workspace.
    at resolveWorkspacePath (F:\Coding\Nexus Workspace\Nexus-Code-v2-audit\Nexus Code\electron\main.cjs:162:11)
    at async resolveWritableWorkspacePath (F:\Coding\Nexus Workspace\Nexus-Code-v2-audit\Nexus Code\electron\main.cjs:193:18)
    at async F:\Coding\Nexus Workspace\Nexus-Code-v2-audit\Nexus Code\electron\main.cjs:674:22
    at async Session.<anonymous> (node:electron/js2c/browser_init:2:118571)
Error occurred in handler for 'fs:write-file': Error: Path outside selected workspace.
    at resolveWorkspacePath (F:\Coding\Nexus Workspace\Nexus-Code-v2-audit\Nexus Code\electron\main.cjs:162:11)
    at async resolveWritableWorkspacePath (F:\Coding\Nexus Workspace\Nexus-Code-v2-audit\Nexus Code\electron\main.cjs:193:18)
    at async F:\Coding\Nexus Workspace\Nexus-Code-v2-audit\Nexus Code\electron\main.cjs:674:22
    at async Session.<anonymous> (node:electron/js2c/browser_init:2:118571)
[native-baseline] ok filesystem-traversal-and-protected-metadata-denied
FS Read Error: Error: Path outside selected workspace.
    at resolveWorkspacePath (F:\Coding\Nexus Workspace\Nexus-Code-v2-audit\Nexus Code\electron\main.cjs:162:11)
    at async F:\Coding\Nexus Workspace\Nexus-Code-v2-audit\Nexus Code\electron\main.cjs:651:22
    at async Session.<anonymous> (node:electron/js2c/browser_init:2:118571)
Error occurred in handler for 'fs:read-file': Error: Path outside selected workspace.
    at resolveWorkspacePath (F:\Coding\Nexus Workspace\Nexus-Code-v2-audit\Nexus Code\electron\main.cjs:162:11)
    at async F:\Coding\Nexus Workspace\Nexus-Code-v2-audit\Nexus Code\electron\main.cjs:651:22
    at async Session.<anonymous> (node:electron/js2c/browser_init:2:118571)
[native-baseline] ok filesystem-symlink-escape-denied
[native-baseline] ok filesystem-rename-delete-use-real-disk
[native-baseline] ok git-status-stage-commit-real-disposable-repository
AssertionError [ERR_ASSERTION]: The input did not match the regular expression /native-stdout/. Input:

'node:internal/modules/cjs/loader:1522\r\n' +
  '  throw err;\r\n' +
  '  ^\r\n' +
  '\r\n' +
  `Error: Cannot find module 'F:\\Coding\\Nexus Workspace\\Nexus-Code-v2-audit\\.test-artifacts\\nexus-code\\native-baseline\\run-TGC39Z\\workspace\\"F:\\Coding\\Nexus'\r\n` +
  '\x1B[90m    at Module._resolveFilename (node:internal/modules/cjs/loader:1519:15)\x1B[39m\r\n' +
  '\x1B[90m    at wrapResolveFilename (node:internal/modules/cjs/loader:1073:27)\x1B[39m\r\n' +
  '\x1B[90m    at defaultResolveImplForCJSLoading (node:internal/modules/cjs/loader:1097:10)\x1B[39m\r\n' +
  '\x1B[90m    at resolveForCJSWithHooks (node:internal/modules/cjs/loader:1124:12)\x1B[39m\r\n' +
  '\x1B[90m    at Module._load (node:internal/modules/cjs/loader:1296:5)\x1B[39m\r\n' +
  '\x1B[90m    at wrapModuleLoad (node:internal/modules/cjs/loader:255:19)\x1B[39m\r\n' +
  '\x1B[90m    at Module.executeUserEntryPoint [as runMain] (node:internal/modules/run_main:154:5)\x1B[39m\r\n' +
  '\x1B[90m    at node:internal/main/run_main_module:33:47\x1B[39m {\r\n' +
  "  code: \x1B[32m'MODULE_NOT_FOUND'\x1B[39m,\r\n" +
  '  requireStack: []\r\n' +
  '}\r\n' +
  '\r\n' +
  'Node.js v26.3.1\r\n' +
  '\n' +
  '\n' +
  'Process exited with code 1'

    at F:\Coding\Nexus Workspace\Nexus-Code-v2-audit\Nexus Code\scripts\run-native-baseline.cjs:133:16
    at async check (F:\Coding\Nexus Workspace\Nexus-Code-v2-audit\Nexus Code\scripts\run-native-baseline.cjs:35:3)
    at async WebContents.<anonymous> (F:\Coding\Nexus Workspace\Nexus-Code-v2-audit\Nexus Code\scripts\run-native-baseline.cjs:118:7) {
  generatedMessage: true,
  code: 'ERR_ASSERTION',
  actual: 'node:internal/modules/cjs/loader:1522\r\n' +
    '  throw err;\r\n' +
    '  ^\r\n' +
    '\r\n' +
    `Error: Cannot find module 'F:\\Coding\\Nexus Workspace\\Nexus-Code-v2-audit\\.test-artifacts\\nexus-code\\native-baseline\\run-TGC39Z\\workspace\\"F:\\Coding\\Nexus'\r\n` +
    '\x1B[90m    at Module._resolveFilename (node:internal/modules/cjs/loader:1519:15)\x1B[39m\r\n' +
    '\x1B[90m    at wrapResolveFilename (node:internal/modules/cjs/loader:1073:27)\x1B[39m\r\n' +
    '\x1B[90m    at defaultResolveImplForCJSLoading (node:internal/modules/cjs/loader:1097:10)\x1B[39m\r\n' +
    '\x1B[90m    at resolveForCJSWithHooks (node:internal/modules/cjs/loader:1124:12)\x1B[39m\r\n' +
    '\x1B[90m    at Module._load (node:internal/modules/cjs/loader:1296:5)\x1B[39m\r\n' +
    '...',
  expected: /native-stdout/,
  operator: 'match',
  diff: 'simple'
}
