{
  "fileCount": 193,
  "topFiles": [
    {
      "path": "src/testing/ideCoreSmoke.mjs",
      "bytes": 136446,
      "lines": 3632,
      "productionReachable": false,
      "stateHooks": 0,
      "effectHooks": 0,
      "bridgeReferences": 0
    },
    {
      "path": "src/components/editor/SettingsPanel.jsx",
      "bytes": 91206,
      "lines": 2081,
      "productionReachable": true,
      "stateHooks": 5,
      "effectHooks": 1,
      "bridgeReferences": 0
    },
    {
      "path": "src/pages/Editor.jsx",
      "bytes": 88702,
      "lines": 2363,
      "productionReachable": true,
      "stateHooks": 21,
      "effectHooks": 12,
      "bridgeReferences": 12
    },
    {
      "path": "src/globals.css",
      "bytes": 65919,
      "lines": 2192,
      "productionReachable": true,
      "stateHooks": 0,
      "effectHooks": 0,
      "bridgeReferences": 0
    },
    {
      "path": "src/components/editor/GitPanel.jsx",
      "bytes": 64324,
      "lines": 1779,
      "productionReachable": true,
      "stateHooks": 29,
      "effectHooks": 5,
      "bridgeReferences": 0
    },
    {
      "path": "electron/services/githubService.cjs",
      "bytes": 58374,
      "lines": 1679,
      "productionReachable": true,
      "stateHooks": 0,
      "effectHooks": 0,
      "bridgeReferences": 0
    },
    {
      "path": "src/pages/editor/extensionSystem.js",
      "bytes": 51400,
      "lines": 1499,
      "productionReachable": true,
      "stateHooks": 0,
      "effectHooks": 0,
      "bridgeReferences": 0
    },
    {
      "path": "src/components/editor/CodeEditor.jsx",
      "bytes": 49344,
      "lines": 1479,
      "productionReachable": true,
      "stateHooks": 11,
      "effectHooks": 8,
      "bridgeReferences": 0
    },
    {
      "path": "src/components/editor/Terminal.jsx",
      "bytes": 45870,
      "lines": 1347,
      "productionReachable": true,
      "stateHooks": 10,
      "effectHooks": 4,
      "bridgeReferences": 0
    },
    {
      "path": "src/components/editor/FileExplorer.jsx",
      "bytes": 40634,
      "lines": 1171,
      "productionReachable": true,
      "stateHooks": 11,
      "effectHooks": 8,
      "bridgeReferences": 0
    },
    {
      "path": "src/testing/visualSmokeEntry.jsx",
      "bytes": 39575,
      "lines": 1210,
      "productionReachable": false,
      "stateHooks": 0,
      "effectHooks": 0,
      "bridgeReferences": 0
    },
    {
      "path": "src/components/editor/ExtensionsPanel.jsx",
      "bytes": 37172,
      "lines": 1037,
      "productionReachable": true,
      "stateHooks": 15,
      "effectHooks": 2,
      "bridgeReferences": 0
    },
    {
      "path": "electron/main.cjs",
      "bytes": 37040,
      "lines": 1114,
      "productionReachable": true,
      "stateHooks": 0,
      "effectHooks": 0,
      "bridgeReferences": 0
    },
    {
      "path": "src/components/editor/settings/SettingsWidgets.jsx",
      "bytes": 35976,
      "lines": 876,
      "productionReachable": true,
      "stateHooks": 0,
      "effectHooks": 0,
      "bridgeReferences": 0
    },
    {
      "path": "src/components/editor/DebugPanel.jsx",
      "bytes": 35088,
      "lines": 919,
      "productionReachable": true,
      "stateHooks": 15,
      "effectHooks": 1,
      "bridgeReferences": 0
    },
    {
      "path": "src/pages/editor/commandPaletteModel.js",
      "bytes": 34776,
      "lines": 1075,
      "productionReachable": true,
      "stateHooks": 0,
      "effectHooks": 0,
      "bridgeReferences": 0
    }
  ],
  "installed": {
    "react": "19.2.8",
    "electron": "42.11.3",
    "vite": "8.2.2",
    "typescript": "6.0.3",
    "@uiw/react-codemirror": "4.25.11"
  },
  "typecheck": {
    "count": 4353,
    "topFiles": [
      [
        "../../Nexus-Ecosystem/packages/nexus-core/node_modules/react/cjs/react.development.js",
        251
      ],
      [
        "src/pages/editor/extensionSystem.js",
        236
      ],
      [
        "src/pages/Editor.jsx",
        198
      ],
      [
        "../../Nexus-Ecosystem/packages/nexus-core/node_modules/react/cjs/react.production.js",
        138
      ],
      [
        "../packages/nexus-core/src/canvas/CanvasMagicRenderers.tsx",
        137
      ],
      [
        "src/components/editor/github/GitHubWorkbenchActions.jsx",
        130
      ],
      [
        "src/components/editor/SettingsPanel.jsx",
        117
      ],
      [
        "src/components/editor/GitPanel.jsx",
        107
      ],
      [
        "src/pages/editor/commandPaletteModel.js",
        105
      ],
      [
        "src/components/editor/settings/settingsModels.js",
        98
      ]
    ]
  },
  "css": {
    "bytes": 65919,
    "rgbaOccurrences": 331,
    "importantOccurrences": 182,
    "repeatedSelectorCandidates": [
      [
        ".nx-code-file-tree-row",
        4
      ],
      [
        ".nx-code-tabbar",
        3
      ],
      [
        ".nx-code-explorer-toolbar",
        3
      ],
      [
        ".nx-code-file-tree-row :where(button)",
        3
      ],
      [
        ".nx-code-sidebar-badge",
        2
      ],
      [
        ".nx-code-shell :where(button, [role=\"button\"])",
        2
      ],
      [
        ".nx-code-command-center",
        2
      ],
      [
        ".nx-code-side-panel",
        2
      ]
    ]
  },
  "dependencyClasses": {
    "REQUIRED": 29,
    "UNUSED": 19,
    "LEGACY": 37,
    "USED BUT REPLACEABLE": 1
  }
}
