
> nexus-code@1.0.0 smoke:ui
> node ./scripts/run-ui-smoke.mjs

[ui-smoke] 36 Nexus Code component scenarios rendered across 4 viewports without App.jsx boot-gate imports.
  ok workbench-shell@desktop 1440x900 (39 buttons, 61482 bytes)
  ok editor-scroll@desktop 1440x900 (0 buttons, 2991 bytes)
  ok launchpad@desktop 1440x900 (3 buttons, 16497 bytes)
  ok file-explorer@desktop 1440x900 (20 buttons, 42502 bytes)
  ok account-panel@desktop 1440x900 (8 buttons, 20713 bytes)
  ok settings-panel@desktop 1440x900 (30 buttons, 36053 bytes)
  ok panel-chrome@desktop 1440x900 (2 buttons, 7359 bytes)
  ok github-workbench@desktop 1440x900 (5 buttons, 13291 bytes)
  ok github-projects@desktop 1440x900 (5 buttons, 13583 bytes)
  ok workbench-shell@tablet 1024x768 (39 buttons, 61481 bytes)
  ok editor-scroll@tablet 1024x768 (0 buttons, 2990 bytes)
  ok launchpad@tablet 1024x768 (3 buttons, 16496 bytes)
  ok file-explorer@tablet 1024x768 (20 buttons, 42501 bytes)
  ok account-panel@tablet 1024x768 (8 buttons, 20712 bytes)
  ok settings-panel@tablet 1024x768 (30 buttons, 36052 bytes)
  ok panel-chrome@tablet 1024x768 (2 buttons, 7358 bytes)
  ok github-workbench@tablet 1024x768 (5 buttons, 13290 bytes)
  ok github-projects@tablet 1024x768 (5 buttons, 13582 bytes)
  ok workbench-shell@short-wide 900x512 (39 buttons, 61481 bytes)
  ok editor-scroll@short-wide 900x512 (0 buttons, 2990 bytes)
  ok launchpad@short-wide 900x512 (3 buttons, 16496 bytes)
  ok file-explorer@short-wide 900x512 (20 buttons, 42501 bytes)
  ok account-panel@short-wide 900x512 (8 buttons, 20712 bytes)
  ok settings-panel@short-wide 900x512 (30 buttons, 36052 bytes)
  ok panel-chrome@short-wide 900x512 (2 buttons, 7358 bytes)
  ok github-workbench@short-wide 900x512 (5 buttons, 13290 bytes)
  ok github-projects@short-wide 900x512 (5 buttons, 13582 bytes)
  ok workbench-shell@phone-portrait 390x900 (39 buttons, 61485 bytes)
  ok editor-scroll@phone-portrait 390x900 (0 buttons, 2994 bytes)
  ok launchpad@phone-portrait 390x900 (3 buttons, 16500 bytes)
  ok file-explorer@phone-portrait 390x900 (20 buttons, 42505 bytes)
  ok account-panel@phone-portrait 390x900 (8 buttons, 20716 bytes)
  ok settings-panel@phone-portrait 390x900 (30 buttons, 36056 bytes)
  ok panel-chrome@phone-portrait 390x900 (2 buttons, 7362 bytes)
  ok github-workbench@phone-portrait 390x900 (5 buttons, 13294 bytes)
  ok github-projects@phone-portrait 390x900 (5 buttons, 13586 bytes)
