
> nexus-code@1.0.0 smoke:visual
> node ./scripts/ensure-electron.cjs && node ./scripts/run-electron-visual-smoke.mjs

[ensure-electron] Electron 42.11.3 ready at F:\Coding\Nexus Workspace\Nexus-Code-v2-audit\Nexus Code\node_modules\electron\dist\electron.exe
[electron-visual-smoke] serving test-only harness at http://127.0.0.1:55770; full preset; 120 scenarios; 4 viewport(s); 30 surface(s); 23 editor language surface(s); timeout 60000ms/scenario; process timeout 1470000ms; output F:\Coding\Nexus Workspace\Nexus-Code-v2-audit\.test-artifacts\nexus-code\visual-smoke

[electron-visual-smoke:renderer] level=info react-dom_client.js?v=fc4b03ab:14336 %cDownload the React DevTools for a better development experience: https://react.dev/link/react-devtools font-weight:bold
[electron-visual-smoke:renderer] level=debug client:859 [vite] connecting...
[electron-visual-smoke:renderer] level=debug client:968 [vite] connected.
[electron-visual-smoke:renderer] level=warning client:533 You have Reduced Motion enabled on your device. Animations may not appear as expected.. For more information and steps for solving, visit https://motion.dev/troubleshooting/reduced-motion-disabled
[electron-visual-smoke] ok workbench-shell@desktop 1440x900 -> F:\Coding\Nexus Workspace\Nexus-Code-v2-audit\.test-artifacts\nexus-code\visual-smoke\workbench-shell-desktop.png (1440x900, 71 color buckets)
[electron-visual-smoke:renderer] level=info react-dom_client.js?v=fc4b03ab:14336 %cDownload the React DevTools for a better development experience: https://react.dev/link/react-devtools font-weight:bold
[electron-visual-smoke:renderer] level=debug client:859 [vite] connecting...
[electron-visual-smoke:renderer] level=debug client:968 [vite] connected.
[electron-visual-smoke] failed editor-scroll@desktop 1440x900
  - visual smoke surface did not finish rendering: editor-scroll@desktop; editor={"languageState":"loading","tokenSpans":0,"syntaxColorCount":0}
  - code editor scroller is missing
  screenshot: F:\Coding\Nexus Workspace\Nexus-Code-v2-audit\.test-artifacts\nexus-code\visual-smoke\editor-scroll-desktop.png
[electron-visual-smoke:renderer] level=info react-dom_client.js?v=fc4b03ab:14336 %cDownload the React DevTools for a better development experience: https://react.dev/link/react-devtools font-weight:bold
[electron-visual-smoke:renderer] level=debug client:859 [vite] connecting...
[electron-visual-smoke:renderer] level=debug client:968 [vite] connected.
[electron-visual-smoke] ok editor-javascript@desktop 1440x900 -> F:\Coding\Nexus Workspace\Nexus-Code-v2-audit\.test-artifacts\nexus-code\visual-smoke\editor-javascript-desktop.png (1440x900, 96 color buckets)
[electron-visual-smoke:renderer] level=info react-dom_client.js?v=fc4b03ab:14336 %cDownload the React DevTools for a better development experience: https://react.dev/link/react-devtools font-weight:bold
[electron-visual-smoke:renderer] level=debug client:859 [vite] connecting...
[electron-visual-smoke:renderer] level=debug client:968 [vite] connected.
[electron-visual-smoke] ok editor-mjs@desktop 1440x900 -> F:\Coding\Nexus Workspace\Nexus-Code-v2-audit\.test-artifacts\nexus-code\visual-smoke\editor-mjs-desktop.png (1440x900, 88 color buckets)
[electron-visual-smoke:renderer] level=info react-dom_client.js?v=fc4b03ab:14336 %cDownload the React DevTools for a better development experience: https://react.dev/link/react-devtools font-weight:bold
[electron-visual-smoke:renderer] level=debug client:859 [vite] connecting...
[electron-visual-smoke:renderer] level=debug client:968 [vite] connected.
[electron-visual-smoke] ok editor-jsx@desktop 1440x900 -> F:\Coding\Nexus Workspace\Nexus-Code-v2-audit\.test-artifacts\nexus-code\visual-smoke\editor-jsx-desktop.png (1440x900, 79 color buckets)
[electron-visual-smoke:renderer] level=info react-dom_client.js?v=fc4b03ab:14336 %cDownload the React DevTools for a better development experience: https://react.dev/link/react-devtools font-weight:bold
[electron-visual-smoke:renderer] level=debug client:859 [vite] connecting...
[electron-visual-smoke:renderer] level=debug client:968 [vite] connected.
[electron-visual-smoke] ok editor-json@desktop 1440x900 -> F:\Coding\Nexus Workspace\Nexus-Code-v2-audit\.test-artifacts\nexus-code\visual-smoke\editor-json-desktop.png (1440x900, 79 color buckets)
[electron-visual-smoke:renderer] level=info react-dom_client.js?v=fc4b03ab:14336 %cDownload the React DevTools for a better development experience: https://react.dev/link/react-devtools font-weight:bold
[electron-visual-smoke:renderer] level=debug client:859 [vite] connecting...
[electron-visual-smoke:renderer] level=debug client:968 [vite] connected.
[electron-visual-smoke] ok editor-jsonc@desktop 1440x900 -> F:\Coding\Nexus Workspace\Nexus-Code-v2-audit\.test-artifacts\nexus-code\visual-smoke\editor-jsonc-desktop.png (1440x900, 48 color buckets)
[electron-visual-smoke:renderer] level=info react-dom_client.js?v=fc4b03ab:14336 %cDownload the React DevTools for a better development experience: https://react.dev/link/react-devtools font-weight:bold
[electron-visual-smoke:renderer] level=debug client:859 [vite] connecting...
[electron-visual-smoke:renderer] level=debug client:968 [vite] connected.
[electron-visual-smoke] ok editor-css@desktop 1440x900 -> F:\Coding\Nexus Workspace\Nexus-Code-v2-audit\.test-artifacts\nexus-code\visual-smoke\editor-css-desktop.png (1440x900, 49 color buckets)
[electron-visual-smoke:renderer] level=info react-dom_client.js?v=fc4b03ab:14336 %cDownload the React DevTools for a better development experience: https://react.dev/link/react-devtools font-weight:bold
[electron-visual-smoke:renderer] level=debug client:859 [vite] connecting...
[electron-visual-smoke:renderer] level=debug client:968 [vite] connected.
[electron-visual-smoke] ok editor-scss@desktop 1440x900 -> F:\Coding\Nexus Workspace\Nexus-Code-v2-audit\.test-artifacts\nexus-code\visual-smoke\editor-scss-desktop.png (1440x900, 68 color buckets)
[electron-visual-smoke:renderer] level=info react-dom_client.js?v=fc4b03ab:14336 %cDownload the React DevTools for a better development experience: https://react.dev/link/react-devtools font-weight:bold
[electron-visual-smoke:renderer] level=debug client:859 [vite] connecting...
[electron-visual-smoke:renderer] level=debug client:968 [vite] connected.
[electron-visual-smoke] ok editor-python@desktop 1440x900 -> F:\Coding\Nexus Workspace\Nexus-Code-v2-audit\.test-artifacts\nexus-code\visual-smoke\editor-python-desktop.png (1440x900, 94 color buckets)
[electron-visual-smoke:renderer] level=info react-dom_client.js?v=fc4b03ab:14336 %cDownload the React DevTools for a better development experience: https://react.dev/link/react-devtools font-weight:bold
[electron-visual-smoke:renderer] level=debug client:859 [vite] connecting...
[electron-visual-smoke:renderer] level=debug client:968 [vite] connected.
[electron-visual-smoke] ok editor-rust@desktop 1440x900 -> F:\Coding\Nexus Workspace\Nexus-Code-v2-audit\.test-artifacts\nexus-code\visual-smoke\editor-rust-desktop.png (1440x900, 86 color buckets)
[electron-visual-smoke:renderer] level=info react-dom_client.js?v=fc4b03ab:14336 %cDownload the React DevTools for a better development experience: https://react.dev/link/react-devtools font-weight:bold
[electron-visual-smoke:renderer] level=debug client:859 [vite] connecting...
[electron-visual-smoke:renderer] level=debug client:968 [vite] connected.
[electron-visual-smoke] ok editor-go@desktop 1440x900 -> F:\Coding\Nexus Workspace\Nexus-Code-v2-audit\.test-artifacts\nexus-code\visual-smoke\editor-go-desktop.png (1440x900, 81 color buckets)
[electron-visual-smoke:renderer] level=info react-dom_client.js?v=fc4b03ab:14336 %cDownload the React DevTools for a better development experience: https://react.dev/link/react-devtools font-weight:bold
[electron-visual-smoke:renderer] level=debug client:859 [vite] connecting...
[electron-visual-smoke:renderer] level=debug client:968 [vite] connected.
[electron-visual-smoke] ok editor-html@desktop 1440x900 -> F:\Coding\Nexus Workspace\Nexus-Code-v2-audit\.test-artifacts\nexus-code\visual-smoke\editor-html-desktop.png (1440x900, 75 color buckets)
[electron-visual-smoke:renderer] level=info react-dom_client.js?v=fc4b03ab:14336 %cDownload the React DevTools for a better development experience: https://react.dev/link/react-devtools font-weight:bold
[electron-visual-smoke:renderer] level=debug client:859 [vite] connecting...
[electron-visual-smoke:renderer] level=debug client:968 [vite] connected.
[electron-visual-smoke] ok editor-yaml@desktop 1440x900 -> F:\Coding\Nexus Workspace\Nexus-Code-v2-audit\.test-artifacts\nexus-code\visual-smoke\editor-yaml-desktop.png (1440x900, 56 color buckets)
[electron-visual-smoke:renderer] level=info react-dom_client.js?v=fc4b03ab:14336 %cDownload the React DevTools for a better development experience: https://react.dev/link/react-devtools font-weight:bold
[electron-visual-smoke:renderer] level=debug client:859 [vite] connecting...
[electron-visual-smoke:renderer] level=debug client:968 [vite] connected.
[electron-visual-smoke] ok editor-sql@desktop 1440x900 -> F:\Coding\Nexus Workspace\Nexus-Code-v2-audit\.test-artifacts\nexus-code\visual-smoke\editor-sql-desktop.png (1440x900, 75 color buckets)
[electron-visual-smoke:renderer] level=info react-dom_client.js?v=fc4b03ab:14336 %cDownload the React DevTools for a better development experience: https://react.dev/link/react-devtools font-weight:bold
[electron-visual-smoke:renderer] level=debug client:859 [vite] connecting...
[electron-visual-smoke:renderer] level=debug client:968 [vite] connected.
[electron-visual-smoke] ok editor-shell@desktop 1440x900 -> F:\Coding\Nexus Workspace\Nexus-Code-v2-audit\.test-artifacts\nexus-code\visual-smoke\editor-shell-desktop.png (1440x900, 72 color buckets)
[electron-visual-smoke:renderer] level=info react-dom_client.js?v=fc4b03ab:14336 %cDownload the React DevTools for a better development experience: https://react.dev/link/react-devtools font-weight:bold
[electron-visual-smoke:renderer] level=debug client:859 [vite] connecting...
[electron-visual-smoke:renderer] level=debug client:968 [vite] connected.
[electron-visual-smoke] ok editor-php@desktop 1440x900 -> F:\Coding\Nexus Workspace\Nexus-Code-v2-audit\.test-artifacts\nexus-code\visual-smoke\editor-php-desktop.png (1440x900, 84 color buckets)
[electron-visual-smoke:renderer] level=info react-dom_client.js?v=fc4b03ab:14336 %cDownload the React DevTools for a better development experience: https://react.dev/link/react-devtools font-weight:bold
[electron-visual-smoke:renderer] level=debug client:859 [vite] connecting...
[electron-visual-smoke:renderer] level=debug client:968 [vite] connected.
[electron-visual-smoke] ok editor-java@desktop 1440x900 -> F:\Coding\Nexus Workspace\Nexus-Code-v2-audit\.test-artifacts\nexus-code\visual-smoke\editor-java-desktop.png (1440x900, 76 color buckets)
[electron-visual-smoke:renderer] level=info react-dom_client.js?v=fc4b03ab:14336 %cDownload the React DevTools for a better development experience: https://react.dev/link/react-devtools font-weight:bold
[electron-visual-smoke:renderer] level=debug client:859 [vite] connecting...
[electron-visual-smoke:renderer] level=debug client:968 [vite] connected.
[electron-visual-smoke] ok editor-cpp@desktop 1440x900 -> F:\Coding\Nexus Workspace\Nexus-Code-v2-audit\.test-artifacts\nexus-code\visual-smoke\editor-cpp-desktop.png (1440x900, 80 color buckets)
[electron-visual-smoke:renderer] level=info react-dom_client.js?v=fc4b03ab:14336 %cDownload the React DevTools for a better development experience: https://react.dev/link/react-devtools font-weight:bold
[electron-visual-smoke:renderer] level=debug client:859 [vite] connecting...
[electron-visual-smoke:renderer] level=debug client:968 [vite] connected.
[electron-visual-smoke] ok editor-gherkin@desktop 1440x900 -> F:\Coding\Nexus Workspace\Nexus-Code-v2-audit\.test-artifacts\nexus-code\visual-smoke\editor-gherkin-desktop.png (1440x900, 92 color buckets)
[electron-visual-smoke:renderer] level=info react-dom_client.js?v=fc4b03ab:14336 %cDownload the React DevTools for a better development experience: https://react.dev/link/react-devtools font-weight:bold
[electron-visual-smoke:renderer] level=debug client:859 [vite] connecting...
[electron-visual-smoke:renderer] level=debug client:968 [vite] connected.
[electron-visual-smoke] ok editor-rdf@desktop 1440x900 -> F:\Coding\Nexus Workspace\Nexus-Code-v2-audit\.test-artifacts\nexus-code\visual-smoke\editor-rdf-desktop.png (1440x900, 54 color buckets)
[electron-visual-smoke:renderer] level=info react-dom_client.js?v=fc4b03ab:14336 %cDownload the React DevTools for a better development experience: https://react.dev/link/react-devtools font-weight:bold
[electron-visual-smoke:renderer] level=debug client:859 [vite] connecting...
[electron-visual-smoke:renderer] level=debug client:968 [vite] connected.
[electron-visual-smoke] ok editor-latex@desktop 1440x900 -> F:\Coding\Nexus Workspace\Nexus-Code-v2-audit\.test-artifacts\nexus-code\visual-smoke\editor-latex-desktop.png (1440x900, 73 color buckets)
[electron-visual-smoke:renderer] level=info react-dom_client.js?v=fc4b03ab:14336 %cDownload the React DevTools for a better development experience: https://react.dev/link/react-devtools font-weight:bold
[electron-visual-smoke:renderer] level=debug client:859 [vite] connecting...
[electron-visual-smoke:renderer] level=debug client:968 [vite] connected.
[electron-visual-smoke] ok editor-xquery@desktop 1440x900 -> F:\Coding\Nexus Workspace\Nexus-Code-v2-audit\.test-artifacts\nexus-code\visual-smoke\editor-xquery-desktop.png (1440x900, 89 color buckets)
[electron-visual-smoke:renderer] level=info react-dom_client.js?v=fc4b03ab:14336 %cDownload the React DevTools for a better development experience: https://react.dev/link/react-devtools font-weight:bold
[electron-visual-smoke:renderer] level=debug client:859 [vite] connecting...
[electron-visual-smoke:renderer] level=debug client:968 [vite] connected.
[electron-visual-smoke] ok editor-glsl@desktop 1440x900 -> F:\Coding\Nexus Workspace\Nexus-Code-v2-audit\.test-artifacts\nexus-code\visual-smoke\editor-glsl-desktop.png (1440x900, 59 color buckets)
[electron-visual-smoke:renderer] level=info react-dom_client.js?v=fc4b03ab:14336 %cDownload the React DevTools for a better development experience: https://react.dev/link/react-devtools font-weight:bold
[electron-visual-smoke:renderer] level=debug client:859 [vite] connecting...
[electron-visual-smoke:renderer] level=debug client:968 [vite] connected.
[electron-visual-smoke:renderer] level=warning client:533 You have Reduced Motion enabled on your device. Animations may not appear as expected.. For more information and steps for solving, visit https://motion.dev/troubleshooting/reduced-motion-disabled
[electron-visual-smoke] ok launchpad@desktop 1440x900 -> F:\Coding\Nexus Workspace\Nexus-Code-v2-audit\.test-artifacts\nexus-code\visual-smoke\launchpad-desktop.png (1440x900, 54 color buckets)
[electron-visual-smoke:renderer] level=info react-dom_client.js?v=fc4b03ab:14336 %cDownload the React DevTools for a better development experience: https://react.dev/link/react-devtools font-weight:bold
[electron-visual-smoke:renderer] level=debug client:859 [vite] connecting...
[electron-visual-smoke:renderer] level=debug client:968 [vite] connected.
[electron-visual-smoke] ok account-panel@desktop 1440x900 -> F:\Coding\Nexus Workspace\Nexus-Code-v2-audit\.test-artifacts\nexus-code\visual-smoke\account-panel-desktop.png (1440x900, 105 color buckets)
[electron-visual-smoke:renderer] level=info react-dom_client.js?v=fc4b03ab:14336 %cDownload the React DevTools for a better development experience: https://react.dev/link/react-devtools font-weight:bold
[electron-visual-smoke:renderer] level=debug client:859 [vite] connecting...
[electron-visual-smoke:renderer] level=debug client:968 [vite] connected.
[electron-visual-smoke] ok settings-panel@desktop 1440x900 -> F:\Coding\Nexus Workspace\Nexus-Code-v2-audit\.test-artifacts\nexus-code\visual-smoke\settings-panel-desktop.png (1440x900, 109 color buckets)
[electron-visual-smoke:renderer] level=info react-dom_client.js?v=fc4b03ab:14336 %cDownload the React DevTools for a better development experience: https://react.dev/link/react-devtools font-weight:bold
[electron-visual-smoke:renderer] level=debug client:859 [vite] connecting...
[electron-visual-smoke:renderer] level=debug client:968 [vite] connected.
[electron-visual-smoke] ok panel-chrome@desktop 1440x900 -> F:\Coding\Nexus Workspace\Nexus-Code-v2-audit\.test-artifacts\nexus-code\visual-smoke\panel-chrome-desktop.png (1440x900, 59 color buckets)
[electron-visual-smoke:renderer] level=info react-dom_client.js?v=fc4b03ab:14336 %cDownload the React DevTools for a better development experience: https://react.dev/link/react-devtools font-weight:bold
[electron-visual-smoke:renderer] level=debug client:859 [vite] connecting...
[electron-visual-smoke:renderer] level=debug client:968 [vite] connected.
[electron-visual-smoke] ok github-workbench@desktop 1440x900 -> F:\Coding\Nexus Workspace\Nexus-Code-v2-audit\.test-artifacts\nexus-code\visual-smoke\github-workbench-desktop.png (1440x900, 98 color buckets)
[electron-visual-smoke:renderer] level=info react-dom_client.js?v=fc4b03ab:14336 %cDownload the React DevTools for a better development experience: https://react.dev/link/react-devtools font-weight:bold
[electron-visual-smoke:renderer] level=debug client:859 [vite] connecting...
[electron-visual-smoke:renderer] level=debug client:968 [vite] connected.
[electron-visual-smoke] ok github-projects@desktop 1440x900 -> F:\Coding\Nexus Workspace\Nexus-Code-v2-audit\.test-artifacts\nexus-code\visual-smoke\github-projects-desktop.png (1440x900, 94 color buckets)
[electron-visual-smoke:renderer] level=info react-dom_client.js?v=fc4b03ab:14336 %cDownload the React DevTools for a better development experience: https://react.dev/link/react-devtools font-weight:bold
[electron-visual-smoke:renderer] level=debug client:859 [vite] connecting...
[electron-visual-smoke:renderer] level=debug client:968 [vite] connected.
[electron-visual-smoke:renderer] level=warning client:533 You have Reduced Motion enabled on your device. Animations may not appear as expected.. For more information and steps for solving, visit https://motion.dev/troubleshooting/reduced-motion-disabled
[electron-visual-smoke] ok workbench-shell@tablet 1024x768 -> F:\Coding\Nexus Workspace\Nexus-Code-v2-audit\.test-artifacts\nexus-code\visual-smoke\workbench-shell-tablet.png (1024x768, 87 color buckets)
[electron-visual-smoke:renderer] level=info react-dom_client.js?v=fc4b03ab:14336 %cDownload the React DevTools for a better development experience: https://react.dev/link/react-devtools font-weight:bold
[electron-visual-smoke:renderer] level=debug client:859 [vite] connecting...
[electron-visual-smoke:renderer] level=debug client:968 [vite] connected.
[electron-visual-smoke] ok editor-scroll@tablet 1024x768 -> F:\Coding\Nexus Workspace\Nexus-Code-v2-audit\.test-artifacts\nexus-code\visual-smoke\editor-scroll-tablet.png (1024x768, 165 color buckets)
[electron-visual-smoke:renderer] level=info react-dom_client.js?v=fc4b03ab:14336 %cDownload the React DevTools for a better development experience: https://react.dev/link/react-devtools font-weight:bold
[electron-visual-smoke:renderer] level=debug client:859 [vite] connecting...
[electron-visual-smoke:renderer] level=debug client:968 [vite] connected.
[electron-visual-smoke] ok editor-javascript@tablet 1024x768 -> F:\Coding\Nexus Workspace\Nexus-Code-v2-audit\.test-artifacts\nexus-code\visual-smoke\editor-javascript-tablet.png (1024x768, 158 color buckets)
[electron-visual-smoke:renderer] level=info react-dom_client.js?v=fc4b03ab:14336 %cDownload the React DevTools for a better development experience: https://react.dev/link/react-devtools font-weight:bold
[electron-visual-smoke:renderer] level=debug client:859 [vite] connecting...
[electron-visual-smoke:renderer] level=debug client:968 [vite] connected.
[electron-visual-smoke] ok editor-mjs@tablet 1024x768 -> F:\Coding\Nexus Workspace\Nexus-Code-v2-audit\.test-artifacts\nexus-code\visual-smoke\editor-mjs-tablet.png (1024x768, 159 color buckets)
[electron-visual-smoke:renderer] level=info react-dom_client.js?v=fc4b03ab:14336 %cDownload the React DevTools for a better development experience: https://react.dev/link/react-devtools font-weight:bold
[electron-visual-smoke:renderer] level=debug client:859 [vite] connecting...
[electron-visual-smoke:renderer] level=debug client:968 [vite] connected.
[electron-visual-smoke] ok editor-jsx@tablet 1024x768 -> F:\Coding\Nexus Workspace\Nexus-Code-v2-audit\.test-artifacts\nexus-code\visual-smoke\editor-jsx-tablet.png (1024x768, 157 color buckets)
[electron-visual-smoke:renderer] level=info react-dom_client.js?v=fc4b03ab:14336 %cDownload the React DevTools for a better development experience: https://react.dev/link/react-devtools font-weight:bold
[electron-visual-smoke:renderer] level=debug client:859 [vite] connecting...
[electron-visual-smoke:renderer] level=debug client:968 [vite] connected.
[electron-visual-smoke] ok editor-json@tablet 1024x768 -> F:\Coding\Nexus Workspace\Nexus-Code-v2-audit\.test-artifacts\nexus-code\visual-smoke\editor-json-tablet.png (1024x768, 111 color buckets)
[electron-visual-smoke:renderer] level=info react-dom_client.js?v=fc4b03ab:14336 %cDownload the React DevTools for a better development experience: https://react.dev/link/react-devtools font-weight:bold
[electron-visual-smoke:renderer] level=debug client:859 [vite] connecting...
[electron-visual-smoke:renderer] level=debug client:968 [vite] connected.
[electron-visual-smoke] ok editor-jsonc@tablet 1024x768 -> F:\Coding\Nexus Workspace\Nexus-Code-v2-audit\.test-artifacts\nexus-code\visual-smoke\editor-jsonc-tablet.png (1024x768, 91 color buckets)
[electron-visual-smoke:renderer] level=info react-dom_client.js?v=fc4b03ab:14336 %cDownload the React DevTools for a better development experience: https://react.dev/link/react-devtools font-weight:bold
[electron-visual-smoke:renderer] level=debug client:859 [vite] connecting...
[electron-visual-smoke:renderer] level=debug client:968 [vite] connected.
[electron-visual-smoke] ok editor-css@tablet 1024x768 -> F:\Coding\Nexus Workspace\Nexus-Code-v2-audit\.test-artifacts\nexus-code\visual-smoke\editor-css-tablet.png (1024x768, 156 color buckets)
[electron-visual-smoke:renderer] level=info react-dom_client.js?v=fc4b03ab:14336 %cDownload the React DevTools for a better development experience: https://react.dev/link/react-devtools font-weight:bold
[electron-visual-smoke:renderer] level=debug client:859 [vite] connecting...
[electron-visual-smoke:renderer] level=debug client:968 [vite] connected.
[electron-visual-smoke] ok editor-scss@tablet 1024x768 -> F:\Coding\Nexus Workspace\Nexus-Code-v2-audit\.test-artifacts\nexus-code\visual-smoke\editor-scss-tablet.png (1024x768, 129 color buckets)
[electron-visual-smoke:renderer] level=info react-dom_client.js?v=fc4b03ab:14336 %cDownload the React DevTools for a better development experience: https://react.dev/link/react-devtools font-weight:bold
[electron-visual-smoke:renderer] level=debug client:859 [vite] connecting...
[electron-visual-smoke:renderer] level=debug client:968 [vite] connected.
[electron-visual-smoke] ok editor-python@tablet 1024x768 -> F:\Coding\Nexus Workspace\Nexus-Code-v2-audit\.test-artifacts\nexus-code\visual-smoke\editor-python-tablet.png (1024x768, 169 color buckets)
[electron-visual-smoke:renderer] level=info react-dom_client.js?v=fc4b03ab:14336 %cDownload the React DevTools for a better development experience: https://react.dev/link/react-devtools font-weight:bold
[electron-visual-smoke:renderer] level=debug client:859 [vite] connecting...
[electron-visual-smoke:renderer] level=debug client:968 [vite] connected.
[electron-visual-smoke] ok editor-rust@tablet 1024x768 -> F:\Coding\Nexus Workspace\Nexus-Code-v2-audit\.test-artifacts\nexus-code\visual-smoke\editor-rust-tablet.png (1024x768, 166 color buckets)
[electron-visual-smoke:renderer] level=info react-dom_client.js?v=fc4b03ab:14336 %cDownload the React DevTools for a better development experience: https://react.dev/link/react-devtools font-weight:bold
[electron-visual-smoke:renderer] level=debug client:859 [vite] connecting...
[electron-visual-smoke:renderer] level=debug client:968 [vite] connected.
[electron-visual-smoke] ok editor-go@tablet 1024x768 -> F:\Coding\Nexus Workspace\Nexus-Code-v2-audit\.test-artifacts\nexus-code\visual-smoke\editor-go-tablet.png (1024x768, 130 color buckets)
[electron-visual-smoke:renderer] level=info react-dom_client.js?v=fc4b03ab:14336 %cDownload the React DevTools for a better development experience: https://react.dev/link/react-devtools font-weight:bold
[electron-visual-smoke:renderer] level=debug client:859 [vite] connecting...
[electron-visual-smoke:renderer] level=debug client:968 [vite] connected.
[electron-visual-smoke] ok editor-html@tablet 1024x768 -> F:\Coding\Nexus Workspace\Nexus-Code-v2-audit\.test-artifacts\nexus-code\visual-smoke\editor-html-tablet.png (1024x768, 133 color buckets)
[electron-visual-smoke:renderer] level=info react-dom_client.js?v=fc4b03ab:14336 %cDownload the React DevTools for a better development experience: https://react.dev/link/react-devtools font-weight:bold
[electron-visual-smoke:renderer] level=debug client:859 [vite] connecting...
[electron-visual-smoke:renderer] level=debug client:968 [vite] connected.
[electron-visual-smoke] ok editor-yaml@tablet 1024x768 -> F:\Coding\Nexus Workspace\Nexus-Code-v2-audit\.test-artifacts\nexus-code\visual-smoke\editor-yaml-tablet.png (1024x768, 112 color buckets)
[electron-visual-smoke:renderer] level=info react-dom_client.js?v=fc4b03ab:14336 %cDownload the React DevTools for a better development experience: https://react.dev/link/react-devtools font-weight:bold
[electron-visual-smoke:renderer] level=debug client:859 [vite] connecting...
[electron-visual-smoke:renderer] level=debug client:968 [vite] connected.
[electron-visual-smoke] ok editor-sql@tablet 1024x768 -> F:\Coding\Nexus Workspace\Nexus-Code-v2-audit\.test-artifacts\nexus-code\visual-smoke\editor-sql-tablet.png (1024x768, 128 color buckets)
[electron-visual-smoke:renderer] level=info react-dom_client.js?v=fc4b03ab:14336 %cDownload the React DevTools for a better development experience: https://react.dev/link/react-devtools font-weight:bold
[electron-visual-smoke:renderer] level=debug client:859 [vite] connecting...
[electron-visual-smoke:renderer] level=debug client:968 [vite] connected.
[electron-visual-smoke] ok editor-shell@tablet 1024x768 -> F:\Coding\Nexus Workspace\Nexus-Code-v2-audit\.test-artifacts\nexus-code\visual-smoke\editor-shell-tablet.png (1024x768, 113 color buckets)
[electron-visual-smoke:renderer] level=info react-dom_client.js?v=fc4b03ab:14336 %cDownload the React DevTools for a better development experience: https://react.dev/link/react-devtools font-weight:bold
[electron-visual-smoke:renderer] level=debug client:859 [vite] connecting...
[electron-visual-smoke:renderer] level=debug client:968 [vite] connected.
[electron-visual-smoke] ok editor-php@tablet 1024x768 -> F:\Coding\Nexus Workspace\Nexus-Code-v2-audit\.test-artifacts\nexus-code\visual-smoke\editor-php-tablet.png (1024x768, 156 color buckets)
[electron-visual-smoke:renderer] level=info react-dom_client.js?v=fc4b03ab:14336 %cDownload the React DevTools for a better development experience: https://react.dev/link/react-devtools font-weight:bold
[electron-visual-smoke:renderer] level=debug client:859 [vite] connecting...
[electron-visual-smoke:renderer] level=debug client:968 [vite] connected.
[electron-visual-smoke] ok editor-java@tablet 1024x768 -> F:\Coding\Nexus Workspace\Nexus-Code-v2-audit\.test-artifacts\nexus-code\visual-smoke\editor-java-tablet.png (1024x768, 135 color buckets)
[electron-visual-smoke:renderer] level=info react-dom_client.js?v=fc4b03ab:14336 %cDownload the React DevTools for a better development experience: https://react.dev/link/react-devtools font-weight:bold
[electron-visual-smoke:renderer] level=debug client:859 [vite] connecting...
[electron-visual-smoke:renderer] level=debug client:968 [vite] connected.
[electron-visual-smoke] ok editor-cpp@tablet 1024x768 -> F:\Coding\Nexus Workspace\Nexus-Code-v2-audit\.test-artifacts\nexus-code\visual-smoke\editor-cpp-tablet.png (1024x768, 165 color buckets)
[electron-visual-smoke:renderer] level=info react-dom_client.js?v=fc4b03ab:14336 %cDownload the React DevTools for a better development experience: https://react.dev/link/react-devtools font-weight:bold
[electron-visual-smoke:renderer] level=debug client:859 [vite] connecting...
[electron-visual-smoke:renderer] level=debug client:968 [vite] connected.
[electron-visual-smoke] ok editor-gherkin@tablet 1024x768 -> F:\Coding\Nexus Workspace\Nexus-Code-v2-audit\.test-artifacts\nexus-code\visual-smoke\editor-gherkin-tablet.png (1024x768, 127 color buckets)
[electron-visual-smoke:renderer] level=info react-dom_client.js?v=fc4b03ab:14336 %cDownload the React DevTools for a better development experience: https://react.dev/link/react-devtools font-weight:bold
[electron-visual-smoke:renderer] level=debug client:859 [vite] connecting...
[electron-visual-smoke:renderer] level=debug client:968 [vite] connected.
[electron-visual-smoke] ok editor-rdf@tablet 1024x768 -> F:\Coding\Nexus Workspace\Nexus-Code-v2-audit\.test-artifacts\nexus-code\visual-smoke\editor-rdf-tablet.png (1024x768, 163 color buckets)
[electron-visual-smoke:renderer] level=info react-dom_client.js?v=fc4b03ab:14336 %cDownload the React DevTools for a better development experience: https://react.dev/link/react-devtools font-weight:bold
[electron-visual-smoke:renderer] level=debug client:859 [vite] connecting...
[electron-visual-smoke:renderer] level=debug client:968 [vite] connected.
[electron-visual-smoke] ok editor-latex@tablet 1024x768 -> F:\Coding\Nexus Workspace\Nexus-Code-v2-audit\.test-artifacts\nexus-code\visual-smoke\editor-latex-tablet.png (1024x768, 131 color buckets)
[electron-visual-smoke:renderer] level=info react-dom_client.js?v=fc4b03ab:14336 %cDownload the React DevTools for a better development experience: https://react.dev/link/react-devtools font-weight:bold
[electron-visual-smoke:renderer] level=debug client:859 [vite] connecting...
[electron-visual-smoke:renderer] level=debug client:968 [vite] connected.
[electron-visual-smoke] ok editor-xquery@tablet 1024x768 -> F:\Coding\Nexus Workspace\Nexus-Code-v2-audit\.test-artifacts\nexus-code\visual-smoke\editor-xquery-tablet.png (1024x768, 153 color buckets)
[electron-visual-smoke:renderer] level=info react-dom_client.js?v=fc4b03ab:14336 %cDownload the React DevTools for a better development experience: https://react.dev/link/react-devtools font-weight:bold
[electron-visual-smoke:renderer] level=debug client:859 [vite] connecting...
[electron-visual-smoke:renderer] level=debug client:968 [vite] connected.
[electron-visual-smoke] ok editor-glsl@tablet 1024x768 -> F:\Coding\Nexus Workspace\Nexus-Code-v2-audit\.test-artifacts\nexus-code\visual-smoke\editor-glsl-tablet.png (1024x768, 134 color buckets)
[electron-visual-smoke:renderer] level=info react-dom_client.js?v=fc4b03ab:14336 %cDownload the React DevTools for a better development experience: https://react.dev/link/react-devtools font-weight:bold
[electron-visual-smoke:renderer] level=debug client:859 [vite] connecting...
[electron-visual-smoke:renderer] level=debug client:968 [vite] connected.
[electron-visual-smoke:renderer] level=warning client:533 You have Reduced Motion enabled on your device. Animations may not appear as expected.. For more information and steps for solving, visit https://motion.dev/troubleshooting/reduced-motion-disabled
[electron-visual-smoke] ok launchpad@tablet 1024x768 -> F:\Coding\Nexus Workspace\Nexus-Code-v2-audit\.test-artifacts\nexus-code\visual-smoke\launchpad-tablet.png (1024x768, 79 color buckets)
[electron-visual-smoke:renderer] level=info react-dom_client.js?v=fc4b03ab:14336 %cDownload the React DevTools for a better development experience: https://react.dev/link/react-devtools font-weight:bold
[electron-visual-smoke:renderer] level=debug client:859 [vite] connecting...
[electron-visual-smoke:renderer] level=debug client:968 [vite] connected.
[electron-visual-smoke] ok account-panel@tablet 1024x768 -> F:\Coding\Nexus Workspace\Nexus-Code-v2-audit\.test-artifacts\nexus-code\visual-smoke\account-panel-tablet.png (1024x768, 173 color buckets)
[electron-visual-smoke:renderer] level=info react-dom_client.js?v=fc4b03ab:14336 %cDownload the React DevTools for a better development experience: https://react.dev/link/react-devtools font-weight:bold
[electron-visual-smoke:renderer] level=debug client:859 [vite] connecting...
[electron-visual-smoke:renderer] level=debug client:968 [vite] connected.
[electron-visual-smoke] ok settings-panel@tablet 1024x768 -> F:\Coding\Nexus Workspace\Nexus-Code-v2-audit\.test-artifacts\nexus-code\visual-smoke\settings-panel-tablet.png (1024x768, 125 color buckets)
[electron-visual-smoke:renderer] level=info react-dom_client.js?v=fc4b03ab:14336 %cDownload the React DevTools for a better development experience: https://react.dev/link/react-devtools font-weight:bold
[electron-visual-smoke:renderer] level=debug client:859 [vite] connecting...
[electron-visual-smoke:renderer] level=debug client:968 [vite] connected.
[electron-visual-smoke] ok panel-chrome@tablet 1024x768 -> F:\Coding\Nexus Workspace\Nexus-Code-v2-audit\.test-artifacts\nexus-code\visual-smoke\panel-chrome-tablet.png (1024x768, 84 color buckets)
[electron-visual-smoke:renderer] level=info react-dom_client.js?v=fc4b03ab:14336 %cDownload the React DevTools for a better development experience: https://react.dev/link/react-devtools font-weight:bold
[electron-visual-smoke:renderer] level=debug client:859 [vite] connecting...
[electron-visual-smoke:renderer] level=debug client:968 [vite] connected.
[electron-visual-smoke] ok github-workbench@tablet 1024x768 -> F:\Coding\Nexus Workspace\Nexus-Code-v2-audit\.test-artifacts\nexus-code\visual-smoke\github-workbench-tablet.png (1024x768, 127 color buckets)
[electron-visual-smoke:renderer] level=info react-dom_client.js?v=fc4b03ab:14336 %cDownload the React DevTools for a better development experience: https://react.dev/link/react-devtools font-weight:bold
[electron-visual-smoke:renderer] level=debug client:859 [vite] connecting...
[electron-visual-smoke:renderer] level=debug client:968 [vite] connected.
[electron-visual-smoke] ok github-projects@tablet 1024x768 -> F:\Coding\Nexus Workspace\Nexus-Code-v2-audit\.test-artifacts\nexus-code\visual-smoke\github-projects-tablet.png (1024x768, 129 color buckets)
[electron-visual-smoke:renderer] level=info react-dom_client.js?v=fc4b03ab:14336 %cDownload the React DevTools for a better development experience: https://react.dev/link/react-devtools font-weight:bold
[electron-visual-smoke:renderer] level=debug client:859 [vite] connecting...
[electron-visual-smoke:renderer] level=debug client:968 [vite] connected.
[electron-visual-smoke:renderer] level=warning client:533 You have Reduced Motion enabled on your device. Animations may not appear as expected.. For more information and steps for solving, visit https://motion.dev/troubleshooting/reduced-motion-disabled
[electron-visual-smoke] ok workbench-shell@short-wide 900x512 -> F:\Coding\Nexus Workspace\Nexus-Code-v2-audit\.test-artifacts\nexus-code\visual-smoke\workbench-shell-short-wide.png (900x512, 68 color buckets)
[electron-visual-smoke:renderer] level=info react-dom_client.js?v=fc4b03ab:14336 %cDownload the React DevTools for a better development experience: https://react.dev/link/react-devtools font-weight:bold
[electron-visual-smoke:renderer] level=debug client:859 [vite] connecting...
[electron-visual-smoke:renderer] level=debug client:968 [vite] connected.
[electron-visual-smoke] ok editor-scroll@short-wide 900x512 -> F:\Coding\Nexus Workspace\Nexus-Code-v2-audit\.test-artifacts\nexus-code\visual-smoke\editor-scroll-short-wide.png (900x512, 169 color buckets)
[electron-visual-smoke:renderer] level=info react-dom_client.js?v=fc4b03ab:14336 %cDownload the React DevTools for a better development experience: https://react.dev/link/react-devtools font-weight:bold
[electron-visual-smoke:renderer] level=debug client:859 [vite] connecting...
[electron-visual-smoke:renderer] level=debug client:968 [vite] connected.
[electron-visual-smoke] ok editor-javascript@short-wide 900x512 -> F:\Coding\Nexus Workspace\Nexus-Code-v2-audit\.test-artifacts\nexus-code\visual-smoke\editor-javascript-short-wide.png (900x512, 167 color buckets)
[electron-visual-smoke:renderer] level=info react-dom_client.js?v=fc4b03ab:14336 %cDownload the React DevTools for a better development experience: https://react.dev/link/react-devtools font-weight:bold
[electron-visual-smoke:renderer] level=debug client:859 [vite] connecting...
[electron-visual-smoke:renderer] level=debug client:968 [vite] connected.
[electron-visual-smoke] ok editor-mjs@short-wide 900x512 -> F:\Coding\Nexus Workspace\Nexus-Code-v2-audit\.test-artifacts\nexus-code\visual-smoke\editor-mjs-short-wide.png (900x512, 175 color buckets)
[electron-visual-smoke:renderer] level=info react-dom_client.js?v=fc4b03ab:14336 %cDownload the React DevTools for a better development experience: https://react.dev/link/react-devtools font-weight:bold
[electron-visual-smoke:renderer] level=debug client:859 [vite] connecting...
[electron-visual-smoke:renderer] level=debug client:968 [vite] connected.
[electron-visual-smoke] ok editor-jsx@short-wide 900x512 -> F:\Coding\Nexus Workspace\Nexus-Code-v2-audit\.test-artifacts\nexus-code\visual-smoke\editor-jsx-short-wide.png (900x512, 172 color buckets)
[electron-visual-smoke:renderer] level=info react-dom_client.js?v=fc4b03ab:14336 %cDownload the React DevTools for a better development experience: https://react.dev/link/react-devtools font-weight:bold
[electron-visual-smoke:renderer] level=debug client:859 [vite] connecting...
[electron-visual-smoke:renderer] level=debug client:968 [vite] connected.
[electron-visual-smoke] ok editor-json@short-wide 900x512 -> F:\Coding\Nexus Workspace\Nexus-Code-v2-audit\.test-artifacts\nexus-code\visual-smoke\editor-json-short-wide.png (900x512, 118 color buckets)
[electron-visual-smoke:renderer] level=info react-dom_client.js?v=fc4b03ab:14336 %cDownload the React DevTools for a better development experience: https://react.dev/link/react-devtools font-weight:bold
[electron-visual-smoke:renderer] level=debug client:859 [vite] connecting...
[electron-visual-smoke:renderer] level=debug client:968 [vite] connected.
[electron-visual-smoke] ok editor-jsonc@short-wide 900x512 -> F:\Coding\Nexus Workspace\Nexus-Code-v2-audit\.test-artifacts\nexus-code\visual-smoke\editor-jsonc-short-wide.png (900x512, 108 color buckets)
[electron-visual-smoke:renderer] level=info react-dom_client.js?v=fc4b03ab:14336 %cDownload the React DevTools for a better development experience: https://react.dev/link/react-devtools font-weight:bold
[electron-visual-smoke:renderer] level=debug client:859 [vite] connecting...
[electron-visual-smoke:renderer] level=debug client:968 [vite] connected.
[electron-visual-smoke] ok editor-css@short-wide 900x512 -> F:\Coding\Nexus Workspace\Nexus-Code-v2-audit\.test-artifacts\nexus-code\visual-smoke\editor-css-short-wide.png (900x512, 155 color buckets)
[electron-visual-smoke:renderer] level=info react-dom_client.js?v=fc4b03ab:14336 %cDownload the React DevTools for a better development experience: https://react.dev/link/react-devtools font-weight:bold
[electron-visual-smoke:renderer] level=debug client:859 [vite] connecting...
[electron-visual-smoke:renderer] level=debug client:968 [vite] connected.
[electron-visual-smoke] ok editor-scss@short-wide 900x512 -> F:\Coding\Nexus Workspace\Nexus-Code-v2-audit\.test-artifacts\nexus-code\visual-smoke\editor-scss-short-wide.png (900x512, 143 color buckets)
[electron-visual-smoke:renderer] level=info react-dom_client.js?v=fc4b03ab:14336 %cDownload the React DevTools for a better development experience: https://react.dev/link/react-devtools font-weight:bold
[electron-visual-smoke:renderer] level=debug client:859 [vite] connecting...
[electron-visual-smoke:renderer] level=debug client:968 [vite] connected.
[electron-visual-smoke] ok editor-python@short-wide 900x512 -> F:\Coding\Nexus Workspace\Nexus-Code-v2-audit\.test-artifacts\nexus-code\visual-smoke\editor-python-short-wide.png (900x512, 172 color buckets)
[electron-visual-smoke:renderer] level=info react-dom_client.js?v=fc4b03ab:14336 %cDownload the React DevTools for a better development experience: https://react.dev/link/react-devtools font-weight:bold
[electron-visual-smoke:renderer] level=debug client:859 [vite] connecting...
[electron-visual-smoke:renderer] level=debug client:968 [vite] connected.
[electron-visual-smoke] ok editor-rust@short-wide 900x512 -> F:\Coding\Nexus Workspace\Nexus-Code-v2-audit\.test-artifacts\nexus-code\visual-smoke\editor-rust-short-wide.png (900x512, 174 color buckets)
[electron-visual-smoke:renderer] level=info react-dom_client.js?v=fc4b03ab:14336 %cDownload the React DevTools for a better development experience: https://react.dev/link/react-devtools font-weight:bold
[electron-visual-smoke:renderer] level=debug client:859 [vite] connecting...
[electron-visual-smoke:renderer] level=debug client:968 [vite] connected.
[electron-visual-smoke] ok editor-go@short-wide 900x512 -> F:\Coding\Nexus Workspace\Nexus-Code-v2-audit\.test-artifacts\nexus-code\visual-smoke\editor-go-short-wide.png (900x512, 141 color buckets)
[electron-visual-smoke:renderer] level=info react-dom_client.js?v=fc4b03ab:14336 %cDownload the React DevTools for a better development experience: https://react.dev/link/react-devtools font-weight:bold
[electron-visual-smoke:renderer] level=debug client:859 [vite] connecting...
[electron-visual-smoke:renderer] level=debug client:968 [vite] connected.
[electron-visual-smoke] ok editor-html@short-wide 900x512 -> F:\Coding\Nexus Workspace\Nexus-Code-v2-audit\.test-artifacts\nexus-code\visual-smoke\editor-html-short-wide.png (900x512, 154 color buckets)
[electron-visual-smoke:renderer] level=info react-dom_client.js?v=fc4b03ab:14336 %cDownload the React DevTools for a better development experience: https://react.dev/link/react-devtools font-weight:bold
[electron-visual-smoke:renderer] level=debug client:859 [vite] connecting...
[electron-visual-smoke:renderer] level=debug client:968 [vite] connected.
[electron-visual-smoke] ok editor-yaml@short-wide 900x512 -> F:\Coding\Nexus Workspace\Nexus-Code-v2-audit\.test-artifacts\nexus-code\visual-smoke\editor-yaml-short-wide.png (900x512, 118 color buckets)
[electron-visual-smoke:renderer] level=info react-dom_client.js?v=fc4b03ab:14336 %cDownload the React DevTools for a better development experience: https://react.dev/link/react-devtools font-weight:bold
[electron-visual-smoke:renderer] level=debug client:859 [vite] connecting...
[electron-visual-smoke:renderer] level=debug client:968 [vite] connected.
[electron-visual-smoke] ok editor-sql@short-wide 900x512 -> F:\Coding\Nexus Workspace\Nexus-Code-v2-audit\.test-artifacts\nexus-code\visual-smoke\editor-sql-short-wide.png (900x512, 137 color buckets)
[electron-visual-smoke:renderer] level=info react-dom_client.js?v=fc4b03ab:14336 %cDownload the React DevTools for a better development experience: https://react.dev/link/react-devtools font-weight:bold
[electron-visual-smoke:renderer] level=debug client:859 [vite] connecting...
[electron-visual-smoke:renderer] level=debug client:968 [vite] connected.
[electron-visual-smoke] ok editor-shell@short-wide 900x512 -> F:\Coding\Nexus Workspace\Nexus-Code-v2-audit\.test-artifacts\nexus-code\visual-smoke\editor-shell-short-wide.png (900x512, 111 color buckets)
[electron-visual-smoke:renderer] level=info react-dom_client.js?v=fc4b03ab:14336 %cDownload the React DevTools for a better development experience: https://react.dev/link/react-devtools font-weight:bold
[electron-visual-smoke:renderer] level=debug client:859 [vite] connecting...
[electron-visual-smoke:renderer] level=debug client:968 [vite] connected.
[electron-visual-smoke] ok editor-php@short-wide 900x512 -> F:\Coding\Nexus Workspace\Nexus-Code-v2-audit\.test-artifacts\nexus-code\visual-smoke\editor-php-short-wide.png (900x512, 168 color buckets)
[electron-visual-smoke:renderer] level=info react-dom_client.js?v=fc4b03ab:14336 %cDownload the React DevTools for a better development experience: https://react.dev/link/react-devtools font-weight:bold
[electron-visual-smoke:renderer] level=debug client:859 [vite] connecting...
[electron-visual-smoke:renderer] level=debug client:968 [vite] connected.
[electron-visual-smoke] ok editor-java@short-wide 900x512 -> F:\Coding\Nexus Workspace\Nexus-Code-v2-audit\.test-artifacts\nexus-code\visual-smoke\editor-java-short-wide.png (900x512, 135 color buckets)
[electron-visual-smoke:renderer] level=info react-dom_client.js?v=fc4b03ab:14336 %cDownload the React DevTools for a better development experience: https://react.dev/link/react-devtools font-weight:bold
[electron-visual-smoke:renderer] level=debug client:859 [vite] connecting...
[electron-visual-smoke:renderer] level=debug client:968 [vite] connected.
[electron-visual-smoke] ok editor-cpp@short-wide 900x512 -> F:\Coding\Nexus Workspace\Nexus-Code-v2-audit\.test-artifacts\nexus-code\visual-smoke\editor-cpp-short-wide.png (900x512, 172 color buckets)
[electron-visual-smoke:renderer] level=info react-dom_client.js?v=fc4b03ab:14336 %cDownload the React DevTools for a better development experience: https://react.dev/link/react-devtools font-weight:bold
[electron-visual-smoke:renderer] level=debug client:859 [vite] connecting...
[electron-visual-smoke:renderer] level=debug client:968 [vite] connected.
[electron-visual-smoke] ok editor-gherkin@short-wide 900x512 -> F:\Coding\Nexus Workspace\Nexus-Code-v2-audit\.test-artifacts\nexus-code\visual-smoke\editor-gherkin-short-wide.png (900x512, 133 color buckets)
[electron-visual-smoke:renderer] level=info react-dom_client.js?v=fc4b03ab:14336 %cDownload the React DevTools for a better development experience: https://react.dev/link/react-devtools font-weight:bold
[electron-visual-smoke:renderer] level=debug client:859 [vite] connecting...
[electron-visual-smoke:renderer] level=debug client:968 [vite] connected.
[electron-visual-smoke] ok editor-rdf@short-wide 900x512 -> F:\Coding\Nexus Workspace\Nexus-Code-v2-audit\.test-artifacts\nexus-code\visual-smoke\editor-rdf-short-wide.png (900x512, 163 color buckets)
[electron-visual-smoke:renderer] level=info react-dom_client.js?v=fc4b03ab:14336 %cDownload the React DevTools for a better development experience: https://react.dev/link/react-devtools font-weight:bold
[electron-visual-smoke:renderer] level=debug client:859 [vite] connecting...
[electron-visual-smoke:renderer] level=debug client:968 [vite] connected.
[electron-visual-smoke] ok editor-latex@short-wide 900x512 -> F:\Coding\Nexus Workspace\Nexus-Code-v2-audit\.test-artifacts\nexus-code\visual-smoke\editor-latex-short-wide.png (900x512, 140 color buckets)
[electron-visual-smoke:renderer] level=info react-dom_client.js?v=fc4b03ab:14336 %cDownload the React DevTools for a better development experience: https://react.dev/link/react-devtools font-weight:bold
[electron-visual-smoke:renderer] level=debug client:859 [vite] connecting...
[electron-visual-smoke:renderer] level=debug client:968 [vite] connected.
[electron-visual-smoke] ok editor-xquery@short-wide 900x512 -> F:\Coding\Nexus Workspace\Nexus-Code-v2-audit\.test-artifacts\nexus-code\visual-smoke\editor-xquery-short-wide.png (900x512, 159 color buckets)
[electron-visual-smoke:renderer] level=info react-dom_client.js?v=fc4b03ab:14336 %cDownload the React DevTools for a better development experience: https://react.dev/link/react-devtools font-weight:bold
[electron-visual-smoke:renderer] level=debug client:859 [vite] connecting...
[electron-visual-smoke:renderer] level=debug client:968 [vite] connected.
[electron-visual-smoke] ok editor-glsl@short-wide 900x512 -> F:\Coding\Nexus Workspace\Nexus-Code-v2-audit\.test-artifacts\nexus-code\visual-smoke\editor-glsl-short-wide.png (900x512, 142 color buckets)
[electron-visual-smoke:renderer] level=info react-dom_client.js?v=fc4b03ab:14336 %cDownload the React DevTools for a better development experience: https://react.dev/link/react-devtools font-weight:bold
[electron-visual-smoke:renderer] level=debug client:859 [vite] connecting...
[electron-visual-smoke:renderer] level=debug client:968 [vite] connected.
[electron-visual-smoke:renderer] level=warning client:533 You have Reduced Motion enabled on your device. Animations may not appear as expected.. For more information and steps for solving, visit https://motion.dev/troubleshooting/reduced-motion-disabled
[electron-visual-smoke] ok launchpad@short-wide 900x512 -> F:\Coding\Nexus Workspace\Nexus-Code-v2-audit\.test-artifacts\nexus-code\visual-smoke\launchpad-short-wide.png (900x512, 120 color buckets)
[electron-visual-smoke:renderer] level=info react-dom_client.js?v=fc4b03ab:14336 %cDownload the React DevTools for a better development experience: https://react.dev/link/react-devtools font-weight:bold
[electron-visual-smoke:renderer] level=debug client:859 [vite] connecting...
[electron-visual-smoke:renderer] level=debug client:968 [vite] connected.
[electron-visual-smoke] ok account-panel@short-wide 900x512 -> F:\Coding\Nexus Workspace\Nexus-Code-v2-audit\.test-artifacts\nexus-code\visual-smoke\account-panel-short-wide.png (900x512, 201 color buckets)
[electron-visual-smoke:renderer] level=info react-dom_client.js?v=fc4b03ab:14336 %cDownload the React DevTools for a better development experience: https://react.dev/link/react-devtools font-weight:bold
[electron-visual-smoke:renderer] level=debug client:859 [vite] connecting...
[electron-visual-smoke:renderer] level=debug client:968 [vite] connected.
[electron-visual-smoke] ok settings-panel@short-wide 900x512 -> F:\Coding\Nexus Workspace\Nexus-Code-v2-audit\.test-artifacts\nexus-code\visual-smoke\settings-panel-short-wide.png (900x512, 134 color buckets)
[electron-visual-smoke:renderer] level=info react-dom_client.js?v=fc4b03ab:14336 %cDownload the React DevTools for a better development experience: https://react.dev/link/react-devtools font-weight:bold
[electron-visual-smoke:renderer] level=debug client:859 [vite] connecting...
[electron-visual-smoke:renderer] level=debug client:968 [vite] connected.
[electron-visual-smoke] ok panel-chrome@short-wide 900x512 -> F:\Coding\Nexus Workspace\Nexus-Code-v2-audit\.test-artifacts\nexus-code\visual-smoke\panel-chrome-short-wide.png (900x512, 127 color buckets)
[electron-visual-smoke:renderer] level=info react-dom_client.js?v=fc4b03ab:14336 %cDownload the React DevTools for a better development experience: https://react.dev/link/react-devtools font-weight:bold
[electron-visual-smoke:renderer] level=debug client:859 [vite] connecting...
[electron-visual-smoke:renderer] level=debug client:968 [vite] connected.
[electron-visual-smoke] ok github-workbench@short-wide 900x512 -> F:\Coding\Nexus Workspace\Nexus-Code-v2-audit\.test-artifacts\nexus-code\visual-smoke\github-workbench-short-wide.png (900x512, 182 color buckets)
[electron-visual-smoke:renderer] level=info react-dom_client.js?v=fc4b03ab:14336 %cDownload the React DevTools for a better development experience: https://react.dev/link/react-devtools font-weight:bold
[electron-visual-smoke:renderer] level=debug client:859 [vite] connecting...
[electron-visual-smoke:renderer] level=debug client:968 [vite] connected.
[electron-visual-smoke] ok github-projects@short-wide 900x512 -> F:\Coding\Nexus Workspace\Nexus-Code-v2-audit\.test-artifacts\nexus-code\visual-smoke\github-projects-short-wide.png (900x512, 192 color buckets)
[electron-visual-smoke:renderer] level=info react-dom_client.js?v=fc4b03ab:14336 %cDownload the React DevTools for a better development experience: https://react.dev/link/react-devtools font-weight:bold
[electron-visual-smoke:renderer] level=debug client:859 [vite] connecting...
[electron-visual-smoke:renderer] level=debug client:968 [vite] connected.
[electron-visual-smoke:renderer] level=warning client:533 You have Reduced Motion enabled on your device. Animations may not appear as expected.. For more information and steps for solving, visit https://motion.dev/troubleshooting/reduced-motion-disabled
[electron-visual-smoke] ok workbench-shell@phone-portrait 390x900 -> F:\Coding\Nexus Workspace\Nexus-Code-v2-audit\.test-artifacts\nexus-code\visual-smoke\workbench-shell-phone-portrait.png (390x900, 72 color buckets)
[electron-visual-smoke:renderer] level=info react-dom_client.js?v=fc4b03ab:14336 %cDownload the React DevTools for a better development experience: https://react.dev/link/react-devtools font-weight:bold
[electron-visual-smoke:renderer] level=debug client:859 [vite] connecting...
[electron-visual-smoke:renderer] level=debug client:968 [vite] connected.
[electron-visual-smoke] ok editor-scroll@phone-portrait 390x900 -> F:\Coding\Nexus Workspace\Nexus-Code-v2-audit\.test-artifacts\nexus-code\visual-smoke\editor-scroll-phone-portrait.png (390x900, 180 color buckets)
[electron-visual-smoke:renderer] level=info react-dom_client.js?v=fc4b03ab:14336 %cDownload the React DevTools for a better development experience: https://react.dev/link/react-devtools font-weight:bold
[electron-visual-smoke:renderer] level=debug client:859 [vite] connecting...
[electron-visual-smoke:renderer] level=debug client:968 [vite] connected.
[electron-visual-smoke] ok editor-javascript@phone-portrait 390x900 -> F:\Coding\Nexus Workspace\Nexus-Code-v2-audit\.test-artifacts\nexus-code\visual-smoke\editor-javascript-phone-portrait.png (390x900, 189 color buckets)
[electron-visual-smoke:renderer] level=info react-dom_client.js?v=fc4b03ab:14336 %cDownload the React DevTools for a better development experience: https://react.dev/link/react-devtools font-weight:bold
[electron-visual-smoke:renderer] level=debug client:859 [vite] connecting...
[electron-visual-smoke:renderer] level=debug client:968 [vite] connected.
[electron-visual-smoke] ok editor-mjs@phone-portrait 390x900 -> F:\Coding\Nexus Workspace\Nexus-Code-v2-audit\.test-artifacts\nexus-code\visual-smoke\editor-mjs-phone-portrait.png (390x900, 176 color buckets)
[electron-visual-smoke:renderer] level=info react-dom_client.js?v=fc4b03ab:14336 %cDownload the React DevTools for a better development experience: https://react.dev/link/react-devtools font-weight:bold
[electron-visual-smoke:renderer] level=debug client:859 [vite] connecting...
[electron-visual-smoke:renderer] level=debug client:968 [vite] connected.
[electron-visual-smoke] ok editor-jsx@phone-portrait 390x900 -> F:\Coding\Nexus Workspace\Nexus-Code-v2-audit\.test-artifacts\nexus-code\visual-smoke\editor-jsx-phone-portrait.png (390x900, 182 color buckets)
[electron-visual-smoke:renderer] level=info react-dom_client.js?v=fc4b03ab:14336 %cDownload the React DevTools for a better development experience: https://react.dev/link/react-devtools font-weight:bold
[electron-visual-smoke:renderer] level=debug client:859 [vite] connecting...
[electron-visual-smoke:renderer] level=debug client:968 [vite] connected.
[electron-visual-smoke] ok editor-json@phone-portrait 390x900 -> F:\Coding\Nexus Workspace\Nexus-Code-v2-audit\.test-artifacts\nexus-code\visual-smoke\editor-json-phone-portrait.png (390x900, 112 color buckets)
[electron-visual-smoke:renderer] level=info react-dom_client.js?v=fc4b03ab:14336 %cDownload the React DevTools for a better development experience: https://react.dev/link/react-devtools font-weight:bold
[electron-visual-smoke:renderer] level=debug client:859 [vite] connecting...
[electron-visual-smoke:renderer] level=debug client:968 [vite] connected.
[electron-visual-smoke] ok editor-jsonc@phone-portrait 390x900 -> F:\Coding\Nexus Workspace\Nexus-Code-v2-audit\.test-artifacts\nexus-code\visual-smoke\editor-jsonc-phone-portrait.png (390x900, 119 color buckets)
[electron-visual-smoke:renderer] level=info react-dom_client.js?v=fc4b03ab:14336 %cDownload the React DevTools for a better development experience: https://react.dev/link/react-devtools font-weight:bold
[electron-visual-smoke:renderer] level=debug client:859 [vite] connecting...
[electron-visual-smoke:renderer] level=debug client:968 [vite] connected.
[electron-visual-smoke] ok editor-css@phone-portrait 390x900 -> F:\Coding\Nexus Workspace\Nexus-Code-v2-audit\.test-artifacts\nexus-code\visual-smoke\editor-css-phone-portrait.png (390x900, 189 color buckets)
[electron-visual-smoke:renderer] level=info react-dom_client.js?v=fc4b03ab:14336 %cDownload the React DevTools for a better development experience: https://react.dev/link/react-devtools font-weight:bold
[electron-visual-smoke:renderer] level=debug client:859 [vite] connecting...
[electron-visual-smoke:renderer] level=debug client:968 [vite] connected.
[electron-visual-smoke] ok editor-scss@phone-portrait 390x900 -> F:\Coding\Nexus Workspace\Nexus-Code-v2-audit\.test-artifacts\nexus-code\visual-smoke\editor-scss-phone-portrait.png (390x900, 167 color buckets)
[electron-visual-smoke:renderer] level=info react-dom_client.js?v=fc4b03ab:14336 %cDownload the React DevTools for a better development experience: https://react.dev/link/react-devtools font-weight:bold
[electron-visual-smoke:renderer] level=debug client:859 [vite] connecting...
[electron-visual-smoke:renderer] level=debug client:968 [vite] connected.
[electron-visual-smoke] ok editor-python@phone-portrait 390x900 -> F:\Coding\Nexus Workspace\Nexus-Code-v2-audit\.test-artifacts\nexus-code\visual-smoke\editor-python-phone-portrait.png (390x900, 179 color buckets)
[electron-visual-smoke:renderer] level=info react-dom_client.js?v=fc4b03ab:14336 %cDownload the React DevTools for a better development experience: https://react.dev/link/react-devtools font-weight:bold
[electron-visual-smoke:renderer] level=debug client:859 [vite] connecting...
[electron-visual-smoke:renderer] level=debug client:968 [vite] connected.
[electron-visual-smoke] ok editor-rust@phone-portrait 390x900 -> F:\Coding\Nexus Workspace\Nexus-Code-v2-audit\.test-artifacts\nexus-code\visual-smoke\editor-rust-phone-portrait.png (390x900, 200 color buckets)
[electron-visual-smoke:renderer] level=info react-dom_client.js?v=fc4b03ab:14336 %cDownload the React DevTools for a better development experience: https://react.dev/link/react-devtools font-weight:bold
[electron-visual-smoke:renderer] level=debug client:859 [vite] connecting...
[electron-visual-smoke:renderer] level=debug client:968 [vite] connected.
[electron-visual-smoke] ok editor-go@phone-portrait 390x900 -> F:\Coding\Nexus Workspace\Nexus-Code-v2-audit\.test-artifacts\nexus-code\visual-smoke\editor-go-phone-portrait.png (390x900, 154 color buckets)
[electron-visual-smoke:renderer] level=info react-dom_client.js?v=fc4b03ab:14336 %cDownload the React DevTools for a better development experience: https://react.dev/link/react-devtools font-weight:bold
[electron-visual-smoke:renderer] level=debug client:859 [vite] connecting...
[electron-visual-smoke:renderer] level=debug client:968 [vite] connected.
[electron-visual-smoke] ok editor-html@phone-portrait 390x900 -> F:\Coding\Nexus Workspace\Nexus-Code-v2-audit\.test-artifacts\nexus-code\visual-smoke\editor-html-phone-portrait.png (390x900, 166 color buckets)
[electron-visual-smoke:renderer] level=info react-dom_client.js?v=fc4b03ab:14336 %cDownload the React DevTools for a better development experience: https://react.dev/link/react-devtools font-weight:bold
[electron-visual-smoke:renderer] level=debug client:859 [vite] connecting...
[electron-visual-smoke:renderer] level=debug client:968 [vite] connected.
[electron-visual-smoke] ok editor-yaml@phone-portrait 390x900 -> F:\Coding\Nexus Workspace\Nexus-Code-v2-audit\.test-artifacts\nexus-code\visual-smoke\editor-yaml-phone-portrait.png (390x900, 144 color buckets)
[electron-visual-smoke:renderer] level=info react-dom_client.js?v=fc4b03ab:14336 %cDownload the React DevTools for a better development experience: https://react.dev/link/react-devtools font-weight:bold
[electron-visual-smoke:renderer] level=debug client:859 [vite] connecting...
[electron-visual-smoke:renderer] level=debug client:968 [vite] connected.
[electron-visual-smoke] ok editor-sql@phone-portrait 390x900 -> F:\Coding\Nexus Workspace\Nexus-Code-v2-audit\.test-artifacts\nexus-code\visual-smoke\editor-sql-phone-portrait.png (390x900, 146 color buckets)
[electron-visual-smoke:renderer] level=info react-dom_client.js?v=fc4b03ab:14336 %cDownload the React DevTools for a better development experience: https://react.dev/link/react-devtools font-weight:bold
[electron-visual-smoke:renderer] level=debug client:859 [vite] connecting...
[electron-visual-smoke:renderer] level=debug client:968 [vite] connected.
[electron-visual-smoke] ok editor-shell@phone-portrait 390x900 -> F:\Coding\Nexus Workspace\Nexus-Code-v2-audit\.test-artifacts\nexus-code\visual-smoke\editor-shell-phone-portrait.png (390x900, 123 color buckets)
[electron-visual-smoke:renderer] level=info react-dom_client.js?v=fc4b03ab:14336 %cDownload the React DevTools for a better development experience: https://react.dev/link/react-devtools font-weight:bold
[electron-visual-smoke:renderer] level=debug client:859 [vite] connecting...
[electron-visual-smoke:renderer] level=debug client:968 [vite] connected.
[electron-visual-smoke] ok editor-php@phone-portrait 390x900 -> F:\Coding\Nexus Workspace\Nexus-Code-v2-audit\.test-artifacts\nexus-code\visual-smoke\editor-php-phone-portrait.png (390x900, 169 color buckets)
[electron-visual-smoke:renderer] level=info react-dom_client.js?v=fc4b03ab:14336 %cDownload the React DevTools for a better development experience: https://react.dev/link/react-devtools font-weight:bold
[electron-visual-smoke:renderer] level=debug client:859 [vite] connecting...
[electron-visual-smoke:renderer] level=debug client:968 [vite] connected.
[electron-visual-smoke] ok editor-java@phone-portrait 390x900 -> F:\Coding\Nexus Workspace\Nexus-Code-v2-audit\.test-artifacts\nexus-code\visual-smoke\editor-java-phone-portrait.png (390x900, 164 color buckets)
[electron-visual-smoke:renderer] level=info react-dom_client.js?v=fc4b03ab:14336 %cDownload the React DevTools for a better development experience: https://react.dev/link/react-devtools font-weight:bold
[electron-visual-smoke:renderer] level=debug client:859 [vite] connecting...
[electron-visual-smoke:renderer] level=debug client:968 [vite] connected.
[electron-visual-smoke] ok editor-cpp@phone-portrait 390x900 -> F:\Coding\Nexus Workspace\Nexus-Code-v2-audit\.test-artifacts\nexus-code\visual-smoke\editor-cpp-phone-portrait.png (390x900, 197 color buckets)
[electron-visual-smoke:renderer] level=info react-dom_client.js?v=fc4b03ab:14336 %cDownload the React DevTools for a better development experience: https://react.dev/link/react-devtools font-weight:bold
[electron-visual-smoke:renderer] level=debug client:859 [vite] connecting...
[electron-visual-smoke:renderer] level=debug client:968 [vite] connected.
[electron-visual-smoke] ok editor-gherkin@phone-portrait 390x900 -> F:\Coding\Nexus Workspace\Nexus-Code-v2-audit\.test-artifacts\nexus-code\visual-smoke\editor-gherkin-phone-portrait.png (390x900, 166 color buckets)
[electron-visual-smoke:renderer] level=info react-dom_client.js?v=fc4b03ab:14336 %cDownload the React DevTools for a better development experience: https://react.dev/link/react-devtools font-weight:bold
[electron-visual-smoke:renderer] level=debug client:859 [vite] connecting...
[electron-visual-smoke:renderer] level=debug client:968 [vite] connected.
[electron-visual-smoke] ok editor-rdf@phone-portrait 390x900 -> F:\Coding\Nexus Workspace\Nexus-Code-v2-audit\.test-artifacts\nexus-code\visual-smoke\editor-rdf-phone-portrait.png (390x900, 203 color buckets)
[electron-visual-smoke:renderer] level=info react-dom_client.js?v=fc4b03ab:14336 %cDownload the React DevTools for a better development experience: https://react.dev/link/react-devtools font-weight:bold
[electron-visual-smoke:renderer] level=debug client:859 [vite] connecting...
[electron-visual-smoke:renderer] level=debug client:968 [vite] connected.
[electron-visual-smoke] ok editor-latex@phone-portrait 390x900 -> F:\Coding\Nexus Workspace\Nexus-Code-v2-audit\.test-artifacts\nexus-code\visual-smoke\editor-latex-phone-portrait.png (390x900, 159 color buckets)
[electron-visual-smoke:renderer] level=info react-dom_client.js?v=fc4b03ab:14336 %cDownload the React DevTools for a better development experience: https://react.dev/link/react-devtools font-weight:bold
[electron-visual-smoke:renderer] level=debug client:859 [vite] connecting...
[electron-visual-smoke:renderer] level=debug client:968 [vite] connected.
[electron-visual-smoke] ok editor-xquery@phone-portrait 390x900 -> F:\Coding\Nexus Workspace\Nexus-Code-v2-audit\.test-artifacts\nexus-code\visual-smoke\editor-xquery-phone-portrait.png (390x900, 192 color buckets)
[electron-visual-smoke:renderer] level=info react-dom_client.js?v=fc4b03ab:14336 %cDownload the React DevTools for a better development experience: https://react.dev/link/react-devtools font-weight:bold
[electron-visual-smoke:renderer] level=debug client:859 [vite] connecting...
[electron-visual-smoke:renderer] level=debug client:968 [vite] connected.
[electron-visual-smoke] ok editor-glsl@phone-portrait 390x900 -> F:\Coding\Nexus Workspace\Nexus-Code-v2-audit\.test-artifacts\nexus-code\visual-smoke\editor-glsl-phone-portrait.png (390x900, 161 color buckets)
[electron-visual-smoke:renderer] level=info react-dom_client.js?v=fc4b03ab:14336 %cDownload the React DevTools for a better development experience: https://react.dev/link/react-devtools font-weight:bold
[electron-visual-smoke:renderer] level=debug client:859 [vite] connecting...
[electron-visual-smoke:renderer] level=debug client:968 [vite] connected.
[electron-visual-smoke:renderer] level=warning client:533 You have Reduced Motion enabled on your device. Animations may not appear as expected.. For more information and steps for solving, visit https://motion.dev/troubleshooting/reduced-motion-disabled
[electron-visual-smoke] ok launchpad@phone-portrait 390x900 -> F:\Coding\Nexus Workspace\Nexus-Code-v2-audit\.test-artifacts\nexus-code\visual-smoke\launchpad-phone-portrait.png (390x900, 144 color buckets)
[electron-visual-smoke:renderer] level=info react-dom_client.js?v=fc4b03ab:14336 %cDownload the React DevTools for a better development experience: https://react.dev/link/react-devtools font-weight:bold
[electron-visual-smoke:renderer] level=debug client:859 [vite] connecting...
[electron-visual-smoke:renderer] level=debug client:968 [vite] connected.
[electron-visual-smoke] ok account-panel@phone-portrait 390x900 -> F:\Coding\Nexus Workspace\Nexus-Code-v2-audit\.test-artifacts\nexus-code\visual-smoke\account-panel-phone-portrait.png (390x900, 251 color buckets)
[electron-visual-smoke:renderer] level=info react-dom_client.js?v=fc4b03ab:14336 %cDownload the React DevTools for a better development experience: https://react.dev/link/react-devtools font-weight:bold
[electron-visual-smoke:renderer] level=debug client:859 [vite] connecting...
[electron-visual-smoke:renderer] level=debug client:968 [vite] connected.
[electron-visual-smoke] ok settings-panel@phone-portrait 390x900 -> F:\Coding\Nexus Workspace\Nexus-Code-v2-audit\.test-artifacts\nexus-code\visual-smoke\settings-panel-phone-portrait.png (390x900, 135 color buckets)
[electron-visual-smoke:renderer] level=info react-dom_client.js?v=fc4b03ab:14336 %cDownload the React DevTools for a better development experience: https://react.dev/link/react-devtools font-weight:bold
[electron-visual-smoke:renderer] level=debug client:859 [vite] connecting...
[electron-visual-smoke:renderer] level=debug client:968 [vite] connected.
[electron-visual-smoke] ok panel-chrome@phone-portrait 390x900 -> F:\Coding\Nexus Workspace\Nexus-Code-v2-audit\.test-artifacts\nexus-code\visual-smoke\panel-chrome-phone-portrait.png (390x900, 149 color buckets)
[electron-visual-smoke:renderer] level=info react-dom_client.js?v=fc4b03ab:14336 %cDownload the React DevTools for a better development experience: https://react.dev/link/react-devtools font-weight:bold
[electron-visual-smoke:renderer] level=debug client:859 [vite] connecting...
[electron-visual-smoke:renderer] level=debug client:968 [vite] connected.
[electron-visual-smoke] ok github-workbench@phone-portrait 390x900 -> F:\Coding\Nexus Workspace\Nexus-Code-v2-audit\.test-artifacts\nexus-code\visual-smoke\github-workbench-phone-portrait.png (390x900, 200 color buckets)
[electron-visual-smoke:renderer] level=info react-dom_client.js?v=fc4b03ab:14336 %cDownload the React DevTools for a better development experience: https://react.dev/link/react-devtools font-weight:bold
[electron-visual-smoke:renderer] level=debug client:859 [vite] connecting...
[electron-visual-smoke:renderer] level=debug client:968 [vite] connected.
[electron-visual-smoke] ok github-projects@phone-portrait 390x900 -> F:\Coding\Nexus Workspace\Nexus-Code-v2-audit\.test-artifacts\nexus-code\visual-smoke\github-projects-phone-portrait.png (390x900, 208 color buckets)
[electron-visual-smoke] 1/120 scenarios failed. Summary: F:\Coding\Nexus Workspace\Nexus-Code-v2-audit\.test-artifacts\nexus-code\visual-smoke\summary.json; F:\Coding\Nexus Workspace\Nexus-Code-v2-audit\.test-artifacts\nexus-code\visual-smoke\summary.md
[electron-visual-smoke] failed
Error: Electron visual smoke exited with code 1.
    at ChildProcess.<anonymous> (file:///F:/Coding/Nexus%20Workspace/Nexus-Code-v2-audit/Nexus%20Code/scripts/run-electron-visual-smoke.mjs:237:9)
    at Object.onceWrapper (node:events:631:12)
    at ChildProcess.emit (node:events:509:20)
    at ChildProcess._handle.onexit (node:internal/child_process:294:12)
